--2026-06-12 04:31:15--  https://igolf32.com/
Resolving igolf32.com (igolf32.com)... 152.53.36.14, 2a0a:4cc0:2000:66:b8d4:2bff:fe29:768b
Connecting to igolf32.com (igolf32.com)|152.53.36.14|:443... connected.
HTTP request sent, awaiting response... 200 OK
Length: unspecified [text/html]
Saving to: ‘igolf32.com/index.html’

     0K .......... .......... .......... .......... .......... 3.03M
    50K .......... .......... .......... .......... ........   7.15M=0.02s

2026-06-12 04:31:15 (4.23 MB/s) - ‘igolf32.com/index.html’ saved [100558]

Loading robots.txt; please ignore errors.
--2026-06-12 04:31:15--  https://cdn.igolf32.com/robots.txt
Resolving cdn.igolf32.com (cdn.igolf32.com)... 37.19.207.37
Connecting to cdn.igolf32.com (cdn.igolf32.com)|37.19.207.37|:443... connected.
HTTP request sent, awaiting response... 200 OK
Length: 39 [text/plain]
Saving to: ‘cdn.igolf32.com/robots.txt’

     0K                                                       100% 2.66M=0s

2026-06-12 04:31:15 (2.66 MB/s) - ‘cdn.igolf32.com/robots.txt’ saved [39/39]

--2026-06-12 04:31:15--  https://cdn.igolf32.com/wordpress/wp-content/plugins/artorias-core/inc/icons/elegant-icons/assets/css/elegant-icons.min.css?ver=d178c61dda490567621c763c2f524344
Reusing existing connection to cdn.igolf32.com:443.
HTTP request sent, awaiting response... 200 OK
Length: unspecified [text/css]
Saving to: ‘cdn.igolf32.com/wordpress/wp-content/plugins/artorias-core/inc/icons/elegant-icons/assets/css/elegant-icons.min.css?ver=d178c61dda490567621c763c2f524344.css’

     0K .......... .......... .                                8.56M=0.003s

2026-06-12 04:31:15 (8.56 MB/s) - ‘cdn.igolf32.com/wordpress/wp-content/plugins/artorias-core/inc/icons/elegant-icons/assets/css/elegant-icons.min.css?ver=d178c61dda490567621c763c2f524344.css’ saved [22518]

--2026-06-12 04:31:15--  https://cdn.igolf32.com/wordpress/wp-content/plugins/artorias-core/inc/icons/font-awesome/assets/css/all.min.css?ver=d178c61dda490567621c763c2f524344
Reusing existing connection to cdn.igolf32.com:443.
HTTP request sent, awaiting response... 200 OK
Length: unspecified [text/css]
Saving to: ‘cdn.igolf32.com/wordpress/wp-content/plugins/artorias-core/inc/icons/font-awesome/assets/css/all.min.css?ver=d178c61dda490567621c763c2f524344.css’

     0K .......... .......... .......... .......... .......... 6.99M
    50K .......... .......... .......... .......... ........   6.76M=0.01s

2026-06-12 04:31:16 (6.87 MB/s) - ‘cdn.igolf32.com/wordpress/wp-content/plugins/artorias-core/inc/icons/font-awesome/assets/css/all.min.css?ver=d178c61dda490567621c763c2f524344.css’ saved [100782]

--2026-06-12 04:31:16--  https://cdn.igolf32.com/wordpress/wp-content/plugins/jetpack/jetpack_vendor/automattic/jetpack-forms/dist/contact-form/css/jetpack-forms-layout.css?ver=15.9
Reusing existing connection to cdn.igolf32.com:443.
HTTP request sent, awaiting response... 200 OK
Length: unspecified [text/css]
Saving to: ‘cdn.igolf32.com/wordpress/wp-content/plugins/jetpack/jetpack_vendor/automattic/jetpack-forms/dist/contact-form/css/jetpack-forms-layout.css?ver=15.9.css’

     0K .......... ....                                        7.38M=0.002s

2026-06-12 04:31:16 (7.38 MB/s) - ‘cdn.igolf32.com/wordpress/wp-content/plugins/jetpack/jetpack_vendor/automattic/jetpack-forms/dist/contact-form/css/jetpack-forms-layout.css?ver=15.9.css’ saved [14365]

--2026-06-12 04:31:16--  https://cdn.igolf32.com/wordpress/wp-content/plugins/qi-addons-for-elementor/assets/css/grid.min.css?ver=1.10
Reusing existing connection to cdn.igolf32.com:443.
HTTP request sent, awaiting response... 200 OK
Length: unspecified [text/css]
Saving to: ‘cdn.igolf32.com/wordpress/wp-content/plugins/qi-addons-for-elementor/assets/css/grid.min.css?ver=1.10.css’

     0K .......... .......... .......... .......... ...        37.6M=0.001s

2026-06-12 04:31:16 (37.6 MB/s) - ‘cdn.igolf32.com/wordpress/wp-content/plugins/qi-addons-for-elementor/assets/css/grid.min.css?ver=1.10.css’ saved [44907]

--2026-06-12 04:31:16--  https://cdn.igolf32.com/wordpress/wp-content/plugins/qi-addons-for-elementor/assets/css/helper-parts.min.css?ver=1.10
Reusing existing connection to cdn.igolf32.com:443.
HTTP request sent, awaiting response... 200 OK
Length: unspecified [text/css]
Saving to: ‘cdn.igolf32.com/wordpress/wp-content/plugins/qi-addons-for-elementor/assets/css/helper-parts.min.css?ver=1.10.css’

     0K .......... .......... ..........                       11.0M=0.003s

2026-06-12 04:31:16 (11.0 MB/s) - ‘cdn.igolf32.com/wordpress/wp-content/plugins/qi-addons-for-elementor/assets/css/helper-parts.min.css?ver=1.10.css’ saved [31211]

--2026-06-12 04:31:16--  https://cdn.igolf32.com/wordpress/wp-content/plugins/qi-addons-for-elementor/assets/css/main.min.css?ver=1.10
Reusing existing connection to cdn.igolf32.com:443.
HTTP request sent, awaiting response... 200 OK
Length: unspecified [text/css]
Saving to: ‘cdn.igolf32.com/wordpress/wp-content/plugins/qi-addons-for-elementor/assets/css/main.min.css?ver=1.10.css’

     0K .......... .......... .......... .......... .......... 4.73M
    50K .......... .......... .......... .......... .......... 1.07M
   100K .......... .......... .......... .......... .......... 16.9M
   150K .......... .......... .......... .......... .......... 21.5M
   200K .......... .......... .......... .......... .......... 19.6M
   250K .......... .......... ...                              36.5M=0.06s

2026-06-12 04:31:16 (4.16 MB/s) - ‘cdn.igolf32.com/wordpress/wp-content/plugins/qi-addons-for-elementor/assets/css/main.min.css?ver=1.10.css’ saved [280205]

--2026-06-12 04:31:16--  https://cdn.igolf32.com/wordpress/wp-content/plugins/qi-addons-for-elementor/assets/plugins/swiper/8.4.5/swiper.min.css?ver=8.4.5
Reusing existing connection to cdn.igolf32.com:443.
HTTP request sent, awaiting response... 200 OK
Length: unspecified [text/css]
Saving to: ‘cdn.igolf32.com/wordpress/wp-content/plugins/qi-addons-for-elementor/assets/plugins/swiper/8.4.5/swiper.min.css?ver=8.4.5.css’

     0K .......... ......                                       101M=0s

2026-06-12 04:31:16 (101 MB/s) - ‘cdn.igolf32.com/wordpress/wp-content/plugins/qi-addons-for-elementor/assets/plugins/swiper/8.4.5/swiper.min.css?ver=8.4.5.css’ saved [16470]

--2026-06-12 04:31:16--  https://cdn.igolf32.com/wordpress/wp-content/themes/artorias/assets/plugins/magnific-popup/magnific-popup.css?ver=d178c61dda490567621c763c2f524344
Reusing existing connection to cdn.igolf32.com:443.
HTTP request sent, awaiting response... 200 OK
Length: unspecified [text/css]
Saving to: ‘cdn.igolf32.com/wordpress/wp-content/themes/artorias/assets/plugins/magnific-popup/magnific-popup.css?ver=d178c61dda490567621c763c2f524344.css’

     0K .....                                                   208M=0s

2026-06-12 04:31:16 (208 MB/s) - ‘cdn.igolf32.com/wordpress/wp-content/themes/artorias/assets/plugins/magnific-popup/magnific-popup.css?ver=d178c61dda490567621c763c2f524344.css’ saved [5228]

--2026-06-12 04:31:16--  https://cdn.igolf32.com/wordpress/wp-content/themes/artorias/assets/css/main.min.css?ver=d178c61dda490567621c763c2f524344
Reusing existing connection to cdn.igolf32.com:443.
HTTP request sent, awaiting response... 200 OK
Length: unspecified [text/css]
Saving to: ‘cdn.igolf32.com/wordpress/wp-content/themes/artorias/assets/css/main.min.css?ver=d178c61dda490567621c763c2f524344.css’

     0K .......... .......... .......... .......... .......... 15.4M
    50K .......... .......... .......... .......... .......... 46.9M
   100K .......... .......... .......... .......... .......... 31.4M
   150K .......... .......... .......... .......... .......... 36.9M
   200K .......... .......... ......                           84.2M=0.007s

2026-06-12 04:31:16 (29.9 MB/s) - ‘cdn.igolf32.com/wordpress/wp-content/themes/artorias/assets/css/main.min.css?ver=d178c61dda490567621c763c2f524344.css’ saved [232348]

--2026-06-12 04:31:16--  https://cdn.igolf32.com/wordpress/wp-content/plugins/artorias-core/assets/css/artorias-core.min.css?ver=d178c61dda490567621c763c2f524344
Reusing existing connection to cdn.igolf32.com:443.
HTTP request sent, awaiting response... 200 OK
Length: unspecified [text/css]
Saving to: ‘cdn.igolf32.com/wordpress/wp-content/plugins/artorias-core/assets/css/artorias-core.min.css?ver=d178c61dda490567621c763c2f524344.css’

     0K .......... .......... .......... .......... .......... 8.33M
    50K .......... .......... .......... .......... .......... 47.3M
   100K .......... .......... .......... .......... .......... 38.8M
   150K .......... .......... .......... .......... .......... 47.0M
   200K .......... .......... .......... .......... .......... 47.0M
   250K ...                                                    77.8K=0.01s

2026-06-12 04:31:16 (24.2 MB/s) - ‘cdn.igolf32.com/wordpress/wp-content/plugins/artorias-core/assets/css/artorias-core.min.css?ver=d178c61dda490567621c763c2f524344.css’ saved [259985]

--2026-06-12 04:31:16--  https://cdn.igolf32.com/wordpress/wp-content/themes/iGolfBySpace/style.css?ver=d178c61dda490567621c763c2f524344
Reusing existing connection to cdn.igolf32.com:443.
HTTP request sent, awaiting response... 200 OK
Length: unspecified [text/css]
Saving to: ‘cdn.igolf32.com/wordpress/wp-content/themes/iGolfBySpace/style.css?ver=d178c61dda490567621c763c2f524344.css’

     0K                                                        17.3M=0s

2026-06-12 04:31:16 (17.3 MB/s) - ‘cdn.igolf32.com/wordpress/wp-content/themes/iGolfBySpace/style.css?ver=d178c61dda490567621c763c2f524344.css’ saved [236]

--2026-06-12 04:31:16--  https://cdn.igolf32.com/easyio-fonts/css?family=Rubik%3A400%2C700%7CSpace+Mono%3A400%2C700&subset=latin-ext&display=swap&ver=1.0.0
Reusing existing connection to cdn.igolf32.com:443.
HTTP request sent, awaiting response... 200 OK
Length: unspecified [text/css]
Saving to: ‘cdn.igolf32.com/easyio-fonts/css?family=Rubik:400,700|Space+Mono:400,700&subset=latin-ext&display=swap&ver=1.0.0.css’

     0K ........                                                341M=0s

2026-06-12 04:31:16 (341 MB/s) - ‘cdn.igolf32.com/easyio-fonts/css?family=Rubik:400,700|Space+Mono:400,700&subset=latin-ext&display=swap&ver=1.0.0.css’ saved [8944]

--2026-06-12 04:31:16--  https://cdn.igolf32.com/wordpress/wp-content/themes/artorias/assets/css/grid.min.css?ver=d178c61dda490567621c763c2f524344
Reusing existing connection to cdn.igolf32.com:443.
HTTP request sent, awaiting response... 200 OK
Length: unspecified [text/css]
Saving to: ‘cdn.igolf32.com/wordpress/wp-content/themes/artorias/assets/css/grid.min.css?ver=d178c61dda490567621c763c2f524344.css’

     0K .......... .......... .......... .......... .......... 28.1M
    50K .......... .......... .......... .......... .......... 46.8M
   100K .......... .......... .......... .......... .......... 46.4M
   150K .......... .......... .......... .......... .......... 38.2M
   200K .......... .......... .......... ..                    59.5M=0.006s

2026-06-12 04:31:16 (40.2 MB/s) - ‘cdn.igolf32.com/wordpress/wp-content/themes/artorias/assets/css/grid.min.css?ver=d178c61dda490567621c763c2f524344.css’ saved [237886]

--2026-06-12 04:31:16--  https://cdn.igolf32.com/wordpress/wp-content/themes/artorias/style.css?ver=d178c61dda490567621c763c2f524344
Reusing existing connection to cdn.igolf32.com:443.
HTTP request sent, awaiting response... 200 OK
Length: unspecified [text/css]
Saving to: ‘cdn.igolf32.com/wordpress/wp-content/themes/artorias/style.css?ver=d178c61dda490567621c763c2f524344.css’

     0K                                                        30.4M=0s

2026-06-12 04:31:16 (30.4 MB/s) - ‘cdn.igolf32.com/wordpress/wp-content/themes/artorias/style.css?ver=d178c61dda490567621c763c2f524344.css’ saved [510]

--2026-06-12 04:31:16--  https://cdn.igolf32.com/wordpress/wp-content/plugins/3d-flipbook-dflip-lite/assets/css/dflip.min.css?ver=2.4.30
Reusing existing connection to cdn.igolf32.com:443.
HTTP request sent, awaiting response... 200 OK
Length: unspecified [text/css]
Saving to: ‘cdn.igolf32.com/wordpress/wp-content/plugins/3d-flipbook-dflip-lite/assets/css/dflip.min.css?ver=2.4.30.css’

     0K .......... .......... .......... .......... .......... 53.7M
    50K ..                                                     40.7K=0.001s

2026-06-12 04:31:16 (55.9 MB/s) - ‘cdn.igolf32.com/wordpress/wp-content/plugins/3d-flipbook-dflip-lite/assets/css/dflip.min.css?ver=2.4.30.css’ saved [53285]

--2026-06-12 04:31:16--  https://cdn.igolf32.com/wordpress/wp-content/plugins/artorias-core/inc/plugins/elementor/assets/css/elementor.min.css?ver=d178c61dda490567621c763c2f524344
Reusing existing connection to cdn.igolf32.com:443.
HTTP request sent, awaiting response... 200 OK
Length: unspecified [text/css]
Saving to: ‘cdn.igolf32.com/wordpress/wp-content/plugins/artorias-core/inc/plugins/elementor/assets/css/elementor.min.css?ver=d178c61dda490567621c763c2f524344.css’

     0K .....                                                   266K=0.02s

2026-06-12 04:31:16 (266 KB/s) - ‘cdn.igolf32.com/wordpress/wp-content/plugins/artorias-core/inc/plugins/elementor/assets/css/elementor.min.css?ver=d178c61dda490567621c763c2f524344.css’ saved [5612]

--2026-06-12 04:31:16--  https://cdn.igolf32.com/wordpress/wp-content/plugins/elementor/assets/css/frontend.min.css?ver=4.1.2
Reusing existing connection to cdn.igolf32.com:443.
HTTP request sent, awaiting response... 200 OK
Length: unspecified [text/css]
Saving to: ‘cdn.igolf32.com/wordpress/wp-content/plugins/elementor/assets/css/frontend.min.css?ver=4.1.2.css’

     0K .......... .......... .......... .......... .......... 11.0M
    50K ...                                                    67.7K=0.004s

2026-06-12 04:31:16 (11.8 MB/s) - ‘cdn.igolf32.com/wordpress/wp-content/plugins/elementor/assets/css/frontend.min.css?ver=4.1.2.css’ saved [54666]

--2026-06-12 04:31:16--  https://cdn.igolf32.com/wordpress/wp-content/uploads/elementor/css/post-148.css?ver=1781252494
Reusing existing connection to cdn.igolf32.com:443.
HTTP request sent, awaiting response... 200 OK
Length: unspecified [text/css]
Saving to: ‘cdn.igolf32.com/wordpress/wp-content/uploads/elementor/css/post-148.css?ver=1781252494.css’

     0K .                                                      73.3M=0s

2026-06-12 04:31:16 (73.3 MB/s) - ‘cdn.igolf32.com/wordpress/wp-content/uploads/elementor/css/post-148.css?ver=1781252494.css’ saved [1692]

--2026-06-12 04:31:16--  https://cdn.igolf32.com/wordpress/wp-content/plugins/elementor/assets/css/widget-spacer.min.css?ver=4.1.2
Reusing existing connection to cdn.igolf32.com:443.
HTTP request sent, awaiting response... 200 OK
Length: unspecified [text/css]
Saving to: ‘cdn.igolf32.com/wordpress/wp-content/plugins/elementor/assets/css/widget-spacer.min.css?ver=4.1.2.css’

     0K .                                                       142M=0s

2026-06-12 04:31:16 (142 MB/s) - ‘cdn.igolf32.com/wordpress/wp-content/plugins/elementor/assets/css/widget-spacer.min.css?ver=4.1.2.css’ saved [1793]

--2026-06-12 04:31:16--  https://cdn.igolf32.com/wordpress/wp-content/plugins/elementor/assets/lib/animations/styles/tada.min.css?ver=4.1.2
Reusing existing connection to cdn.igolf32.com:443.
HTTP request sent, awaiting response... 200 OK
Length: unspecified [text/css]
Saving to: ‘cdn.igolf32.com/wordpress/wp-content/plugins/elementor/assets/lib/animations/styles/tada.min.css?ver=4.1.2.css’

     0K                                                        63.7M=0s

2026-06-12 04:31:16 (63.7 MB/s) - ‘cdn.igolf32.com/wordpress/wp-content/plugins/elementor/assets/lib/animations/styles/tada.min.css?ver=4.1.2.css’ saved [267]

--2026-06-12 04:31:16--  https://cdn.igolf32.com/wordpress/wp-content/plugins/elementor/assets/css/widget-image.min.css?ver=4.1.2
Reusing existing connection to cdn.igolf32.com:443.
HTTP request sent, awaiting response... 200 OK
Length: unspecified [text/css]
Saving to: ‘cdn.igolf32.com/wordpress/wp-content/plugins/elementor/assets/css/widget-image.min.css?ver=4.1.2.css’

     0K                                                        20.4M=0s

2026-06-12 04:31:16 (20.4 MB/s) - ‘cdn.igolf32.com/wordpress/wp-content/plugins/elementor/assets/css/widget-image.min.css?ver=4.1.2.css’ saved [214]

--2026-06-12 04:31:16--  https://cdn.igolf32.com/wordpress/wp-content/plugins/elementor/assets/css/widget-heading.min.css?ver=4.1.2
Reusing existing connection to cdn.igolf32.com:443.
HTTP request sent, awaiting response... 200 OK
Length: unspecified [text/css]
Saving to: ‘cdn.igolf32.com/wordpress/wp-content/plugins/elementor/assets/css/widget-heading.min.css?ver=4.1.2.css’

     0K                                                        35.6M=0s

2026-06-12 04:31:16 (35.6 MB/s) - ‘cdn.igolf32.com/wordpress/wp-content/plugins/elementor/assets/css/widget-heading.min.css?ver=4.1.2.css’ saved [560]

--2026-06-12 04:31:16--  https://cdn.igolf32.com/wordpress/wp-content/plugins/elementor/assets/lib/animations/styles/swing.min.css?ver=4.1.2
Reusing existing connection to cdn.igolf32.com:443.
HTTP request sent, awaiting response... 200 OK
Length: unspecified [text/css]
Saving to: ‘cdn.igolf32.com/wordpress/wp-content/plugins/elementor/assets/lib/animations/styles/swing.min.css?ver=4.1.2.css’

     0K                                                        15.0M=0s

2026-06-12 04:31:16 (15.0 MB/s) - ‘cdn.igolf32.com/wordpress/wp-content/plugins/elementor/assets/lib/animations/styles/swing.min.css?ver=4.1.2.css’ saved [252]

--2026-06-12 04:31:16--  https://cdn.igolf32.com/wordpress/wp-content/plugins/elementor-pro/assets/css/modules/motion-fx.min.css?ver=3.35.1
Reusing existing connection to cdn.igolf32.com:443.
HTTP request sent, awaiting response... 200 OK
Length: unspecified [text/css]
Saving to: ‘cdn.igolf32.com/wordpress/wp-content/plugins/elementor-pro/assets/css/modules/motion-fx.min.css?ver=3.35.1.css’

     0K                                                         185M=0s

2026-06-12 04:31:16 (185 MB/s) - ‘cdn.igolf32.com/wordpress/wp-content/plugins/elementor-pro/assets/css/modules/motion-fx.min.css?ver=3.35.1.css’ saved [778]

--2026-06-12 04:31:16--  https://cdn.igolf32.com/wordpress/wp-content/plugins/elementor/assets/lib/animations/styles/e-animation-pulse-grow.min.css?ver=4.1.2
Reusing existing connection to cdn.igolf32.com:443.
HTTP request sent, awaiting response... 200 OK
Length: unspecified [text/css]
Saving to: ‘cdn.igolf32.com/wordpress/wp-content/plugins/elementor/assets/lib/animations/styles/e-animation-pulse-grow.min.css?ver=4.1.2.css’

     0K                                                        20.8M=0s

2026-06-12 04:31:16 (20.8 MB/s) - ‘cdn.igolf32.com/wordpress/wp-content/plugins/elementor/assets/lib/animations/styles/e-animation-pulse-grow.min.css?ver=4.1.2.css’ saved [349]

--2026-06-12 04:31:16--  https://cdn.igolf32.com/wordpress/wp-content/plugins/elementor/assets/css/conditionals/shapes.min.css?ver=4.1.2
Reusing existing connection to cdn.igolf32.com:443.
HTTP request sent, awaiting response... 200 OK
Length: unspecified [text/css]
Saving to: ‘cdn.igolf32.com/wordpress/wp-content/plugins/elementor/assets/css/conditionals/shapes.min.css?ver=4.1.2.css’

     0K                                                        38.4M=0s

2026-06-12 04:31:16 (38.4 MB/s) - ‘cdn.igolf32.com/wordpress/wp-content/plugins/elementor/assets/css/conditionals/shapes.min.css?ver=4.1.2.css’ saved [645]

--2026-06-12 04:31:16--  https://cdn.igolf32.com/wordpress/wp-content/uploads/elementor/css/post-2842.css?ver=1781252494
Reusing existing connection to cdn.igolf32.com:443.
HTTP request sent, awaiting response... 200 OK
Length: unspecified [text/css]
Saving to: ‘cdn.igolf32.com/wordpress/wp-content/uploads/elementor/css/post-2842.css?ver=1781252494.css’

     0K .......... .......... ..                               25.3M=0.001s

2026-06-12 04:31:16 (25.3 MB/s) - ‘cdn.igolf32.com/wordpress/wp-content/uploads/elementor/css/post-2842.css?ver=1781252494.css’ saved [22869]

--2026-06-12 04:31:16--  https://cdn.igolf32.com/wordpress/wp-includes/js/jquery/jquery.min.js?ver=3.7.1
Reusing existing connection to cdn.igolf32.com:443.
HTTP request sent, awaiting response... 200 OK
Length: unspecified [text/javascript]
Saving to: ‘cdn.igolf32.com/wordpress/wp-includes/js/jquery/jquery.min.js?ver=3.7.1’

     0K .......... .......... .......... .......... .......... 10.1M
    50K .......... .......... .......... .....                 11.1M=0.008s

2026-06-12 04:31:17 (10.5 MB/s) - ‘cdn.igolf32.com/wordpress/wp-includes/js/jquery/jquery.min.js?ver=3.7.1’ saved [87553]

--2026-06-12 04:31:17--  https://cdn.igolf32.com/wordpress/wp-includes/js/jquery/jquery-migrate.min.js?ver=3.4.1
Reusing existing connection to cdn.igolf32.com:443.
HTTP request sent, awaiting response... 200 OK
Length: unspecified [text/javascript]
Saving to: ‘cdn.igolf32.com/wordpress/wp-includes/js/jquery/jquery-migrate.min.js?ver=3.4.1’

     0K .......... ...                                         16.7M=0.001s

2026-06-12 04:31:17 (16.7 MB/s) - ‘cdn.igolf32.com/wordpress/wp-includes/js/jquery/jquery-migrate.min.js?ver=3.4.1’ saved [13577]

--2026-06-12 04:31:17--  https://cdn.igolf32.com/wordpress/wp-content/plugins/elementor-pro/assets/js/page-transitions.min.js?ver=3.35.1
Reusing existing connection to cdn.igolf32.com:443.
HTTP request sent, awaiting response... 200 OK
Length: unspecified [text/javascript]
Saving to: ‘cdn.igolf32.com/wordpress/wp-content/plugins/elementor-pro/assets/js/page-transitions.min.js?ver=3.35.1’

     0K .......... .......                                     14.8M=0.001s

2026-06-12 04:31:17 (14.8 MB/s) - ‘cdn.igolf32.com/wordpress/wp-content/plugins/elementor-pro/assets/js/page-transitions.min.js?ver=3.35.1’ saved [17657]

--2026-06-12 04:31:17--  https://cdn.igolf32.com/wordpress/wp-content/uploads/cropped-iGolf-Logo-Favicon.png?strip=all&sharp=1&resize=32%2C32
Reusing existing connection to cdn.igolf32.com:443.
HTTP request sent, awaiting response... 200 OK
Length: 1156 (1.1K) [image/png]
Saving to: ‘cdn.igolf32.com/wordpress/wp-content/uploads/cropped-iGolf-Logo-Favicon.png?strip=all&sharp=1&resize=32,32’

     0K .                                                     100% 16.5M=0s

2026-06-12 04:31:17 (16.5 MB/s) - ‘cdn.igolf32.com/wordpress/wp-content/uploads/cropped-iGolf-Logo-Favicon.png?strip=all&sharp=1&resize=32,32’ saved [1156/1156]

--2026-06-12 04:31:17--  https://cdn.igolf32.com/wordpress/wp-content/uploads/cropped-iGolf-Logo-Favicon.png?strip=all&sharp=1&resize=192%2C192
Reusing existing connection to cdn.igolf32.com:443.
HTTP request sent, awaiting response... 200 OK
Length: 11174 (11K) [image/png]
Saving to: ‘cdn.igolf32.com/wordpress/wp-content/uploads/cropped-iGolf-Logo-Favicon.png?strip=all&sharp=1&resize=192,192’

     0K ..........                                            100%  288M=0s

2026-06-12 04:31:17 (288 MB/s) - ‘cdn.igolf32.com/wordpress/wp-content/uploads/cropped-iGolf-Logo-Favicon.png?strip=all&sharp=1&resize=192,192’ saved [11174/11174]

--2026-06-12 04:31:17--  https://cdn.igolf32.com/wordpress/wp-content/uploads/iGolf-Logo-Favicon.png?strip=all&sharp=1
Reusing existing connection to cdn.igolf32.com:443.
HTTP request sent, awaiting response... 200 OK
Length: 39306 (38K) [image/png]
Saving to: ‘cdn.igolf32.com/wordpress/wp-content/uploads/iGolf-Logo-Favicon.png?strip=all&sharp=1’

     0K .......... .......... .......... ........             100%  102M=0s

2026-06-12 04:31:17 (102 MB/s) - ‘cdn.igolf32.com/wordpress/wp-content/uploads/iGolf-Logo-Favicon.png?strip=all&sharp=1’ saved [39306/39306]

--2026-06-12 04:31:17--  https://cdn.igolf32.com/wordpress/wp-content/uploads/iGolf-Logo-Favicon-512x512.png?strip=all&sharp=1
Reusing existing connection to cdn.igolf32.com:443.
HTTP request sent, awaiting response... 200 OK
Length: 20932 (20K) [image/png]
Saving to: ‘cdn.igolf32.com/wordpress/wp-content/uploads/iGolf-Logo-Favicon-512x512.png?strip=all&sharp=1’

     0K .......... ..........                                 100% 91.6M=0s

2026-06-12 04:31:17 (91.6 MB/s) - ‘cdn.igolf32.com/wordpress/wp-content/uploads/iGolf-Logo-Favicon-512x512.png?strip=all&sharp=1’ saved [20932/20932]

--2026-06-12 04:31:17--  https://cdn.igolf32.com/wordpress/wp-content/uploads/iGolf-Logo-Favicon-768x768.png?strip=all&sharp=1
Reusing existing connection to cdn.igolf32.com:443.
HTTP request sent, awaiting response... 200 OK
Length: 34305 (34K) [image/png]
Saving to: ‘cdn.igolf32.com/wordpress/wp-content/uploads/iGolf-Logo-Favicon-768x768.png?strip=all&sharp=1’

     0K .......... .......... .......... ...                  100% 1.36M=0.02s

2026-06-12 04:31:17 (1.36 MB/s) - ‘cdn.igolf32.com/wordpress/wp-content/uploads/iGolf-Logo-Favicon-768x768.png?strip=all&sharp=1’ saved [34305/34305]

--2026-06-12 04:31:17--  https://cdn.igolf32.com/wordpress/wp-content/uploads/iGolf-Logo-Favicon-980x980.png?strip=all&sharp=1
Reusing existing connection to cdn.igolf32.com:443.
HTTP request sent, awaiting response... 200 OK
Length: 46171 (45K) [image/png]
Saving to: ‘cdn.igolf32.com/wordpress/wp-content/uploads/iGolf-Logo-Favicon-980x980.png?strip=all&sharp=1’

     0K .......... .......... .......... .......... .....     100% 6.93M=0.006s

2026-06-12 04:31:18 (6.93 MB/s) - ‘cdn.igolf32.com/wordpress/wp-content/uploads/iGolf-Logo-Favicon-980x980.png?strip=all&sharp=1’ saved [46171/46171]

--2026-06-12 04:31:18--  https://cdn.igolf32.com/wordpress/wp-content/uploads/iGolf-Logo-Favicon-480x480.png?strip=all&sharp=1
Reusing existing connection to cdn.igolf32.com:443.
HTTP request sent, awaiting response... 200 OK
Length: 19336 (19K) [image/png]
Saving to: ‘cdn.igolf32.com/wordpress/wp-content/uploads/iGolf-Logo-Favicon-480x480.png?strip=all&sharp=1’

     0K .......... ........                                   100% 24.8M=0.001s

2026-06-12 04:31:18 (24.8 MB/s) - ‘cdn.igolf32.com/wordpress/wp-content/uploads/iGolf-Logo-Favicon-480x480.png?strip=all&sharp=1’ saved [19336/19336]

--2026-06-12 04:31:18--  https://cdn.igolf32.com/wordpress/wp-content/uploads/iGolf-Logo-Favicon.png?strip=all&sharp=1&w=102
Reusing existing connection to cdn.igolf32.com:443.
HTTP request sent, awaiting response... 200 OK
Length: 5293 (5.2K) [image/png]
Saving to: ‘cdn.igolf32.com/wordpress/wp-content/uploads/iGolf-Logo-Favicon.png?strip=all&sharp=1&w=102’

     0K .....                                                 100%  140M=0s

2026-06-12 04:31:20 (140 MB/s) - ‘cdn.igolf32.com/wordpress/wp-content/uploads/iGolf-Logo-Favicon.png?strip=all&sharp=1&w=102’ saved [5293/5293]

--2026-06-12 04:31:20--  https://cdn.igolf32.com/wordpress/wp-content/uploads/iGolf-Logo-Favicon.png?strip=all&sharp=1&w=204
Reusing existing connection to cdn.igolf32.com:443.
HTTP request sent, awaiting response... 200 OK
Length: 12033 (12K) [image/png]
Saving to: ‘cdn.igolf32.com/wordpress/wp-content/uploads/iGolf-Logo-Favicon.png?strip=all&sharp=1&w=204’

     0K .......... .                                          100% 20.5M=0.001s

2026-06-12 04:31:20 (20.5 MB/s) - ‘cdn.igolf32.com/wordpress/wp-content/uploads/iGolf-Logo-Favicon.png?strip=all&sharp=1&w=204’ saved [12033/12033]

--2026-06-12 04:31:20--  https://cdn.igolf32.com/wordpress/wp-content/uploads/iGolf-Logo-Favicon.png?strip=all&sharp=1&w=307
Reusing existing connection to cdn.igolf32.com:443.
HTTP request sent, awaiting response... 200 OK
Length: 19001 (19K) [image/png]
Saving to: ‘cdn.igolf32.com/wordpress/wp-content/uploads/iGolf-Logo-Favicon.png?strip=all&sharp=1&w=307’

     0K .......... ........                                   100% 23.4M=0.001s

2026-06-12 04:31:20 (23.4 MB/s) - ‘cdn.igolf32.com/wordpress/wp-content/uploads/iGolf-Logo-Favicon.png?strip=all&sharp=1&w=307’ saved [19001/19001]

--2026-06-12 04:31:20--  https://cdn.igolf32.com/wordpress/wp-content/uploads/iGolf-Logo-Favicon.png?strip=all&sharp=1&w=409
Reusing existing connection to cdn.igolf32.com:443.
HTTP request sent, awaiting response... 200 OK
Length: 26197 (26K) [image/png]
Saving to: ‘cdn.igolf32.com/wordpress/wp-content/uploads/iGolf-Logo-Favicon.png?strip=all&sharp=1&w=409’

     0K .......... .......... .....                           100% 14.0M=0.002s

2026-06-12 04:31:21 (14.0 MB/s) - ‘cdn.igolf32.com/wordpress/wp-content/uploads/iGolf-Logo-Favicon.png?strip=all&sharp=1&w=409’ saved [26197/26197]

--2026-06-12 04:31:21--  https://cdn.igolf32.com/wordpress/wp-content/uploads/iGolf-Logo-Favicon.png?strip=all&sharp=1&w=614
Reusing existing connection to cdn.igolf32.com:443.
HTTP request sent, awaiting response... 200 OK
Length: 39306 (38K) [image/png]
Saving to: ‘cdn.igolf32.com/wordpress/wp-content/uploads/iGolf-Logo-Favicon.png?strip=all&sharp=1&w=614’

     0K .......... .......... .......... ........             100% 2.84M=0.01s

2026-06-12 04:31:21 (2.84 MB/s) - ‘cdn.igolf32.com/wordpress/wp-content/uploads/iGolf-Logo-Favicon.png?strip=all&sharp=1&w=614’ saved [39306/39306]

--2026-06-12 04:31:21--  https://cdn.igolf32.com/wordpress/wp-content/uploads/iGolf-Logo-Favicon.png?strip=all&sharp=1&w=716
Reusing existing connection to cdn.igolf32.com:443.
HTTP request sent, awaiting response... 200 OK
Length: 39306 (38K) [image/png]
Saving to: ‘cdn.igolf32.com/wordpress/wp-content/uploads/iGolf-Logo-Favicon.png?strip=all&sharp=1&w=716’

     0K .......... .......... .......... ........             100% 6.18M=0.006s

2026-06-12 04:31:21 (6.18 MB/s) - ‘cdn.igolf32.com/wordpress/wp-content/uploads/iGolf-Logo-Favicon.png?strip=all&sharp=1&w=716’ saved [39306/39306]

--2026-06-12 04:31:21--  https://cdn.igolf32.com/wordpress/wp-content/uploads/iGolf-Logo-Favicon.png?strip=all&sharp=1&w=819
Reusing existing connection to cdn.igolf32.com:443.
HTTP request sent, awaiting response... 200 OK
Length: 39306 (38K) [image/png]
Saving to: ‘cdn.igolf32.com/wordpress/wp-content/uploads/iGolf-Logo-Favicon.png?strip=all&sharp=1&w=819’

     0K .......... .......... .......... ........             100% 10.2M=0.004s

2026-06-12 04:31:22 (10.2 MB/s) - ‘cdn.igolf32.com/wordpress/wp-content/uploads/iGolf-Logo-Favicon.png?strip=all&sharp=1&w=819’ saved [39306/39306]

--2026-06-12 04:31:22--  https://cdn.igolf32.com/wordpress/wp-content/uploads/iGolf-Logo-Favicon.png?strip=all&sharp=1&w=921
Reusing existing connection to cdn.igolf32.com:443.
HTTP request sent, awaiting response... 200 OK
Length: 39306 (38K) [image/png]
Saving to: ‘cdn.igolf32.com/wordpress/wp-content/uploads/iGolf-Logo-Favicon.png?strip=all&sharp=1&w=921’

     0K .......... .......... .......... ........             100% 8.79M=0.004s

2026-06-12 04:31:22 (8.79 MB/s) - ‘cdn.igolf32.com/wordpress/wp-content/uploads/iGolf-Logo-Favicon.png?strip=all&sharp=1&w=921’ saved [39306/39306]

--2026-06-12 04:31:22--  https://cdn.igolf32.com/wordpress/wp-content/uploads/iGolf-Horizontal-Logo-No-Tee-White-Text.png?strip=all&sharp=1&lazy=1
Reusing existing connection to cdn.igolf32.com:443.
HTTP request sent, awaiting response... 200 OK
Length: 1666 (1.6K) [image/gif]
Saving to: ‘cdn.igolf32.com/wordpress/wp-content/uploads/iGolf-Horizontal-Logo-No-Tee-White-Text.png?strip=all&sharp=1&lazy=1’

     0K .                                                     100% 54.8M=0s

2026-06-12 04:31:22 (54.8 MB/s) - ‘cdn.igolf32.com/wordpress/wp-content/uploads/iGolf-Horizontal-Logo-No-Tee-White-Text.png?strip=all&sharp=1&lazy=1’ saved [1666/1666]

--2026-06-12 04:31:22--  https://cdn.igolf32.com/wordpress/wp-content/uploads/iGolf-Horizontal-Logo-No-Tee-White-Text.png?strip=all&sharp=1
Reusing existing connection to cdn.igolf32.com:443.
HTTP request sent, awaiting response... 200 OK
Length: 30374 (30K) [image/png]
Saving to: ‘cdn.igolf32.com/wordpress/wp-content/uploads/iGolf-Horizontal-Logo-No-Tee-White-Text.png?strip=all&sharp=1’

     0K .......... .......... .........                       100% 10.4M=0.003s

2026-06-12 04:31:22 (10.4 MB/s) - ‘cdn.igolf32.com/wordpress/wp-content/uploads/iGolf-Horizontal-Logo-No-Tee-White-Text.png?strip=all&sharp=1’ saved [30374/30374]

--2026-06-12 04:31:22--  https://cdn.igolf32.com/wordpress/wp-content/uploads/iGolf-Horizontal-Logo-No-Tee-White-Text-1024x256.png?strip=all&sharp=1
Reusing existing connection to cdn.igolf32.com:443.
HTTP request sent, awaiting response... 200 OK
Length: 15164 (15K) [image/png]
Saving to: ‘cdn.igolf32.com/wordpress/wp-content/uploads/iGolf-Horizontal-Logo-No-Tee-White-Text-1024x256.png?strip=all&sharp=1’

     0K .......... ....                                       100% 4.34M=0.003s

2026-06-12 04:31:22 (4.34 MB/s) - ‘cdn.igolf32.com/wordpress/wp-content/uploads/iGolf-Horizontal-Logo-No-Tee-White-Text-1024x256.png?strip=all&sharp=1’ saved [15164/15164]

--2026-06-12 04:31:22--  https://cdn.igolf32.com/wordpress/wp-content/uploads/iGolf-Horizontal-Logo-No-Tee-White-Text-768x192.png?strip=all&sharp=1
Reusing existing connection to cdn.igolf32.com:443.
HTTP request sent, awaiting response... 200 OK
Length: 10861 (11K) [image/png]
Saving to: ‘cdn.igolf32.com/wordpress/wp-content/uploads/iGolf-Horizontal-Logo-No-Tee-White-Text-768x192.png?strip=all&sharp=1’

     0K ..........                                            100% 21.0M=0s

2026-06-12 04:31:23 (21.0 MB/s) - ‘cdn.igolf32.com/wordpress/wp-content/uploads/iGolf-Horizontal-Logo-No-Tee-White-Text-768x192.png?strip=all&sharp=1’ saved [10861/10861]

--2026-06-12 04:31:23--  https://cdn.igolf32.com/wordpress/wp-content/uploads/iGolf-Horizontal-Logo-No-Tee-White-Text-1536x384.png?strip=all&sharp=1
Reusing existing connection to cdn.igolf32.com:443.
HTTP request sent, awaiting response... 200 OK
Length: 25287 (25K) [image/png]
Saving to: ‘cdn.igolf32.com/wordpress/wp-content/uploads/iGolf-Horizontal-Logo-No-Tee-White-Text-1536x384.png?strip=all&sharp=1’

     0K .......... .......... ....                            100% 38.8M=0.001s

2026-06-12 04:31:23 (38.8 MB/s) - ‘cdn.igolf32.com/wordpress/wp-content/uploads/iGolf-Horizontal-Logo-No-Tee-White-Text-1536x384.png?strip=all&sharp=1’ saved [25287/25287]

--2026-06-12 04:31:23--  https://cdn.igolf32.com/wordpress/wp-content/uploads/iGolf-Horizontal-Logo-No-Tee-White-Text.png?strip=all&sharp=1&w=192
Reusing existing connection to cdn.igolf32.com:443.
HTTP request sent, awaiting response... 200 OK
Length: 3537 (3.5K) [image/png]
Saving to: ‘cdn.igolf32.com/wordpress/wp-content/uploads/iGolf-Horizontal-Logo-No-Tee-White-Text.png?strip=all&sharp=1&w=192’

     0K ...                                                   100% 25.6M=0s

2026-06-12 04:31:23 (25.6 MB/s) - ‘cdn.igolf32.com/wordpress/wp-content/uploads/iGolf-Horizontal-Logo-No-Tee-White-Text.png?strip=all&sharp=1&w=192’ saved [3537/3537]

--2026-06-12 04:31:23--  https://cdn.igolf32.com/wordpress/wp-content/uploads/iGolf-Horizontal-Logo-No-Tee-White-Text.png?strip=all&sharp=1&w=384
Reusing existing connection to cdn.igolf32.com:443.
HTTP request sent, awaiting response... 200 OK
Length: 7375 (7.2K) [image/png]
Saving to: ‘cdn.igolf32.com/wordpress/wp-content/uploads/iGolf-Horizontal-Logo-No-Tee-White-Text.png?strip=all&sharp=1&w=384’

     0K .......                                               100% 22.3M=0s

2026-06-12 04:31:23 (22.3 MB/s) - ‘cdn.igolf32.com/wordpress/wp-content/uploads/iGolf-Horizontal-Logo-No-Tee-White-Text.png?strip=all&sharp=1&w=384’ saved [7375/7375]

--2026-06-12 04:31:23--  https://cdn.igolf32.com/wordpress/wp-content/uploads/iGolf-Horizontal-Logo-No-Tee-White-Text.png?strip=all&sharp=1&w=576
Reusing existing connection to cdn.igolf32.com:443.
HTTP request sent, awaiting response... 200 OK
Length: 11975 (12K) [image/png]
Saving to: ‘cdn.igolf32.com/wordpress/wp-content/uploads/iGolf-Horizontal-Logo-No-Tee-White-Text.png?strip=all&sharp=1&w=576’

     0K .......... .                                          100% 8.88M=0.001s

2026-06-12 04:31:24 (8.88 MB/s) - ‘cdn.igolf32.com/wordpress/wp-content/uploads/iGolf-Horizontal-Logo-No-Tee-White-Text.png?strip=all&sharp=1&w=576’ saved [11975/11975]

--2026-06-12 04:31:24--  https://cdn.igolf32.com/wordpress/wp-content/uploads/iGolf-Horizontal-Logo-No-Tee-White-Text.png?strip=all&sharp=1&w=960
Reusing existing connection to cdn.igolf32.com:443.
HTTP request sent, awaiting response... 200 OK
Length: 22288 (22K) [image/png]
Saving to: ‘cdn.igolf32.com/wordpress/wp-content/uploads/iGolf-Horizontal-Logo-No-Tee-White-Text.png?strip=all&sharp=1&w=960’

     0K .......... .......... .                               100% 10.3M=0.002s

2026-06-12 04:31:24 (10.3 MB/s) - ‘cdn.igolf32.com/wordpress/wp-content/uploads/iGolf-Horizontal-Logo-No-Tee-White-Text.png?strip=all&sharp=1&w=960’ saved [22288/22288]

--2026-06-12 04:31:24--  https://cdn.igolf32.com/wordpress/wp-content/uploads/iGolf-Horizontal-Logo-No-Tee-White-Text.png?strip=all&sharp=1&w=1152
Reusing existing connection to cdn.igolf32.com:443.
HTTP request sent, awaiting response... 200 OK
Length: 28675 (28K) [image/png]
Saving to: ‘cdn.igolf32.com/wordpress/wp-content/uploads/iGolf-Horizontal-Logo-No-Tee-White-Text.png?strip=all&sharp=1&w=1152’

     0K .......... .......... ........                        100% 49.8M=0.001s

2026-06-12 04:31:24 (49.8 MB/s) - ‘cdn.igolf32.com/wordpress/wp-content/uploads/iGolf-Horizontal-Logo-No-Tee-White-Text.png?strip=all&sharp=1&w=1152’ saved [28675/28675]

--2026-06-12 04:31:24--  https://cdn.igolf32.com/wordpress/wp-content/uploads/iGolf-Horizontal-Logo-No-Tee-White-Text.png?strip=all&sharp=1&w=1344
Reusing existing connection to cdn.igolf32.com:443.
HTTP request sent, awaiting response... 200 OK
Length: 30374 (30K) [image/png]
Saving to: ‘cdn.igolf32.com/wordpress/wp-content/uploads/iGolf-Horizontal-Logo-No-Tee-White-Text.png?strip=all&sharp=1&w=1344’

     0K .......... .......... .........                       100% 32.2M=0.001s

2026-06-12 04:31:24 (32.2 MB/s) - ‘cdn.igolf32.com/wordpress/wp-content/uploads/iGolf-Horizontal-Logo-No-Tee-White-Text.png?strip=all&sharp=1&w=1344’ saved [30374/30374]

--2026-06-12 04:31:24--  https://cdn.igolf32.com/wordpress/wp-content/uploads/iGolf-Horizontal-Logo-No-Tee-White-Text.png?strip=all&sharp=1&w=1728
Reusing existing connection to cdn.igolf32.com:443.
HTTP request sent, awaiting response... 200 OK
Length: 30374 (30K) [image/png]
Saving to: ‘cdn.igolf32.com/wordpress/wp-content/uploads/iGolf-Horizontal-Logo-No-Tee-White-Text.png?strip=all&sharp=1&w=1728’

     0K .......... .......... .........                       100%  173M=0s

2026-06-12 04:31:25 (173 MB/s) - ‘cdn.igolf32.com/wordpress/wp-content/uploads/iGolf-Horizontal-Logo-No-Tee-White-Text.png?strip=all&sharp=1&w=1728’ saved [30374/30374]

--2026-06-12 04:31:25--  https://cdn.igolf32.com/wordpress/wp-content/uploads/iGolf-Horizontal-Logo-No-Tee-White-Text.png?strip=all&sharp=1&w=450
Reusing existing connection to cdn.igolf32.com:443.
HTTP request sent, awaiting response... 200 OK
Length: 8713 (8.5K) [image/png]
Saving to: ‘cdn.igolf32.com/wordpress/wp-content/uploads/iGolf-Horizontal-Logo-No-Tee-White-Text.png?strip=all&sharp=1&w=450’

     0K ........                                              100% 20.8M=0s

2026-06-12 04:31:25 (20.8 MB/s) - ‘cdn.igolf32.com/wordpress/wp-content/uploads/iGolf-Horizontal-Logo-No-Tee-White-Text.png?strip=all&sharp=1&w=450’ saved [8713/8713]

--2026-06-12 04:31:25--  https://cdn.igolf32.com/wordpress/wp-content/uploads/iGolf-Horizontal-Logo-No-Tee-White-Text-1024x256.png?strip=all&sharp=1&lazy=1
Reusing existing connection to cdn.igolf32.com:443.
HTTP request sent, awaiting response... 200 OK
Length: 828 [image/gif]
Saving to: ‘cdn.igolf32.com/wordpress/wp-content/uploads/iGolf-Horizontal-Logo-No-Tee-White-Text-1024x256.png?strip=all&sharp=1&lazy=1’

     0K                                                       100% 27.2M=0s

2026-06-12 04:31:25 (27.2 MB/s) - ‘cdn.igolf32.com/wordpress/wp-content/uploads/iGolf-Horizontal-Logo-No-Tee-White-Text-1024x256.png?strip=all&sharp=1&lazy=1’ saved [828/828]

--2026-06-12 04:31:25--  https://cdn.igolf32.com/wordpress/wp-content/plugins/ewww-image-optimizer/includes/lazysizes.min.js?ver=872
Reusing existing connection to cdn.igolf32.com:443.
HTTP request sent, awaiting response... 200 OK
Length: unspecified [text/javascript]
Saving to: ‘cdn.igolf32.com/wordpress/wp-content/plugins/ewww-image-optimizer/includes/lazysizes.min.js?ver=872’

     0K .......... ......                                      28.9M=0.001s

2026-06-12 04:31:25 (28.9 MB/s) - ‘cdn.igolf32.com/wordpress/wp-content/plugins/ewww-image-optimizer/includes/lazysizes.min.js?ver=872’ saved [17098]

--2026-06-12 04:31:25--  https://cdn.igolf32.com/wordpress/wp-includes/js/jquery/ui/core.min.js?ver=1.13.3
Reusing existing connection to cdn.igolf32.com:443.
HTTP request sent, awaiting response... 200 OK
Length: unspecified [text/javascript]
Saving to: ‘cdn.igolf32.com/wordpress/wp-includes/js/jquery/ui/core.min.js?ver=1.13.3’

     0K .......... ..........                                  56.5M=0s

2026-06-12 04:31:25 (56.5 MB/s) - ‘cdn.igolf32.com/wordpress/wp-includes/js/jquery/ui/core.min.js?ver=1.13.3’ saved [21464]

--2026-06-12 04:31:25--  https://cdn.igolf32.com/wordpress/wp-content/plugins/qi-addons-for-elementor/assets/js/main.min.js?ver=1.10
Reusing existing connection to cdn.igolf32.com:443.
HTTP request sent, awaiting response... 200 OK
Length: unspecified [text/javascript]
Saving to: ‘cdn.igolf32.com/wordpress/wp-content/plugins/qi-addons-for-elementor/assets/js/main.min.js?ver=1.10’

     0K .......... .......... .......... .......... .......... 41.1M
    50K .......... .                                            237K=0.001s

2026-06-12 04:31:25 (50.8 MB/s) - ‘cdn.igolf32.com/wordpress/wp-content/plugins/qi-addons-for-elementor/assets/js/main.min.js?ver=1.10’ saved [63321]

--2026-06-12 04:31:25--  https://cdn.igolf32.com/wordpress/wp-includes/js/hoverIntent.min.js?ver=1.10.2
Reusing existing connection to cdn.igolf32.com:443.
HTTP request sent, awaiting response... 200 OK
Length: unspecified [text/javascript]
Saving to: ‘cdn.igolf32.com/wordpress/wp-includes/js/hoverIntent.min.js?ver=1.10.2’

     0K .                                                      89.3M=0s

2026-06-12 04:31:25 (89.3 MB/s) - ‘cdn.igolf32.com/wordpress/wp-includes/js/hoverIntent.min.js?ver=1.10.2’ saved [1499]

--2026-06-12 04:31:25--  https://cdn.igolf32.com/wordpress/wp-content/plugins/artorias-core/assets/plugins/gsap/gsap.min.js?ver=d178c61dda490567621c763c2f524344
Reusing existing connection to cdn.igolf32.com:443.
HTTP request sent, awaiting response... 200 OK
Length: unspecified [text/javascript]
Saving to: ‘cdn.igolf32.com/wordpress/wp-content/plugins/artorias-core/assets/plugins/gsap/gsap.min.js?ver=d178c61dda490567621c763c2f524344’

     0K .......... .......... .......... .......... .......... 11.9M
    50K .......... .                                            222K=0.004s

2026-06-12 04:31:25 (14.6 MB/s) - ‘cdn.igolf32.com/wordpress/wp-content/plugins/artorias-core/assets/plugins/gsap/gsap.min.js?ver=d178c61dda490567621c763c2f524344’ saved [62547]

--2026-06-12 04:31:25--  https://cdn.igolf32.com/wordpress/wp-content/plugins/artorias-core/assets/plugins/gsap/ScrollTrigger.min.js?ver=d178c61dda490567621c763c2f524344
Reusing existing connection to cdn.igolf32.com:443.
HTTP request sent, awaiting response... 200 OK
Length: unspecified [text/javascript]
Saving to: ‘cdn.igolf32.com/wordpress/wp-content/plugins/artorias-core/assets/plugins/gsap/ScrollTrigger.min.js?ver=d178c61dda490567621c763c2f524344’

     0K .......... .......... ...                              9.63M=0.002s

2026-06-12 04:31:25 (9.63 MB/s) - ‘cdn.igolf32.com/wordpress/wp-content/plugins/artorias-core/assets/plugins/gsap/ScrollTrigger.min.js?ver=d178c61dda490567621c763c2f524344’ saved [24172]

--2026-06-12 04:31:25--  https://cdn.igolf32.com/wordpress/wp-content/plugins/artorias-core/assets/plugins/modernizr/modernizr.js?ver=d178c61dda490567621c763c2f524344
Reusing existing connection to cdn.igolf32.com:443.
HTTP request sent, awaiting response... 200 OK
Length: unspecified [text/javascript]
Saving to: ‘cdn.igolf32.com/wordpress/wp-content/plugins/artorias-core/assets/plugins/modernizr/modernizr.js?ver=d178c61dda490567621c763c2f524344’

     0K ..                                                      289M=0s

2026-06-12 04:31:25 (289 MB/s) - ‘cdn.igolf32.com/wordpress/wp-content/plugins/artorias-core/assets/plugins/modernizr/modernizr.js?ver=d178c61dda490567621c763c2f524344’ saved [2728]

--2026-06-12 04:31:25--  https://cdn.igolf32.com/wordpress/wp-content/plugins/qi-addons-for-elementor/inc/shortcodes/parallax-images/assets/js/plugins/jquery.parallax-scroll.js?ver=1
Reusing existing connection to cdn.igolf32.com:443.
HTTP request sent, awaiting response... 200 OK
Length: unspecified [text/javascript]
Saving to: ‘cdn.igolf32.com/wordpress/wp-content/plugins/qi-addons-for-elementor/inc/shortcodes/parallax-images/assets/js/plugins/jquery.parallax-scroll.js?ver=1’

     0K .....                                                   386M=0s

2026-06-12 04:31:25 (386 MB/s) - ‘cdn.igolf32.com/wordpress/wp-content/plugins/qi-addons-for-elementor/inc/shortcodes/parallax-images/assets/js/plugins/jquery.parallax-scroll.js?ver=1’ saved [5262]

--2026-06-12 04:31:25--  https://cdn.igolf32.com/wordpress/wp-content/themes/artorias/assets/js/main.min.js?ver=d178c61dda490567621c763c2f524344
Reusing existing connection to cdn.igolf32.com:443.
HTTP request sent, awaiting response... 200 OK
Length: unspecified [text/javascript]
Saving to: ‘cdn.igolf32.com/wordpress/wp-content/themes/artorias/assets/js/main.min.js?ver=d178c61dda490567621c763c2f524344’

     0K .......... ..........                                  30.5M=0.001s

2026-06-12 04:31:25 (30.5 MB/s) - ‘cdn.igolf32.com/wordpress/wp-content/themes/artorias/assets/js/main.min.js?ver=d178c61dda490567621c763c2f524344’ saved [21010]

--2026-06-12 04:31:25--  https://cdn.igolf32.com/wordpress/wp-content/plugins/artorias-core/assets/js/artorias-core.min.js?ver=d178c61dda490567621c763c2f524344
Reusing existing connection to cdn.igolf32.com:443.
HTTP request sent, awaiting response... 200 OK
Length: unspecified [text/javascript]
Saving to: ‘cdn.igolf32.com/wordpress/wp-content/plugins/artorias-core/assets/js/artorias-core.min.js?ver=d178c61dda490567621c763c2f524344’

     0K .......... .......... .......... .......... .....      65.6M=0.001s

2026-06-12 04:31:25 (65.6 MB/s) - ‘cdn.igolf32.com/wordpress/wp-content/plugins/artorias-core/assets/js/artorias-core.min.js?ver=d178c61dda490567621c763c2f524344’ saved [46504]

--2026-06-12 04:31:25--  https://cdn.igolf32.com/wordpress/wp-content/plugins/qi-addons-for-elementor/assets/plugins/swiper/8.4.5/swiper.min.js?ver=8.4.5
Reusing existing connection to cdn.igolf32.com:443.
HTTP request sent, awaiting response... 200 OK
Length: unspecified [text/javascript]
Saving to: ‘cdn.igolf32.com/wordpress/wp-content/plugins/qi-addons-for-elementor/assets/plugins/swiper/8.4.5/swiper.min.js?ver=8.4.5’

     0K .......... .......... .......... .......... .......... 9.11M
    50K .......... .......... .......... .......... .......... 6.85M
   100K .......... .......... .......... ..........            7.93M=0.02s

2026-06-12 04:31:26 (7.85 MB/s) - ‘cdn.igolf32.com/wordpress/wp-content/plugins/qi-addons-for-elementor/assets/plugins/swiper/8.4.5/swiper.min.js?ver=8.4.5’ saved [143662]

--2026-06-12 04:31:26--  https://cdn.igolf32.com/wordpress/wp-content/plugins/3d-flipbook-dflip-lite/assets/js/dflip.min.js?ver=2.4.30
Reusing existing connection to cdn.igolf32.com:443.
HTTP request sent, awaiting response... 200 OK
Length: unspecified [text/javascript]
Saving to: ‘cdn.igolf32.com/wordpress/wp-content/plugins/3d-flipbook-dflip-lite/assets/js/dflip.min.js?ver=2.4.30’

     0K .......... .......... .......... .......... .......... 8.37M
    50K .......... .......... .......... .......... .......... 7.97M
   100K .......... .......... .......... .......... .......... 6.74M
   150K .......... .......... .......... .......... .......... 7.19M
   200K .......... .......... .......... ..........            11.4M=0.03s

2026-06-12 04:31:26 (7.97 MB/s) - ‘cdn.igolf32.com/wordpress/wp-content/plugins/3d-flipbook-dflip-lite/assets/js/dflip.min.js?ver=2.4.30’ saved [246143]

--2026-06-12 04:31:26--  https://cdn.igolf32.com/wordpress/wp-content/plugins/elementor-pro/assets//lib/instant-page/instant-page.min.js?ver=3.35.1
Reusing existing connection to cdn.igolf32.com:443.
HTTP request sent, awaiting response... 200 OK
Length: unspecified [text/javascript]
Saving to: ‘cdn.igolf32.com/wordpress/wp-content/plugins/elementor-pro/assets/lib/instant-page/instant-page.min.js?ver=3.35.1’

     0K ..                                                      124M=0s

2026-06-12 04:31:26 (124 MB/s) - ‘cdn.igolf32.com/wordpress/wp-content/plugins/elementor-pro/assets/lib/instant-page/instant-page.min.js?ver=3.35.1’ saved [2859]

--2026-06-12 04:31:26--  https://cdn.igolf32.com/wordpress/wp-content/plugins/litespeed-cache/assets/js/instant_click.min.js?ver=7.8.1
Reusing existing connection to cdn.igolf32.com:443.
HTTP request sent, awaiting response... 200 OK
Length: unspecified [text/javascript]
Saving to: ‘cdn.igolf32.com/wordpress/wp-content/plugins/litespeed-cache/assets/js/instant_click.min.js?ver=7.8.1’

     0K ....                                                   1.44G=0s

2026-06-12 04:31:26 (1.44 GB/s) - ‘cdn.igolf32.com/wordpress/wp-content/plugins/litespeed-cache/assets/js/instant_click.min.js?ver=7.8.1’ saved [4624]

--2026-06-12 04:31:26--  https://cdn.igolf32.com/wordpress/wp-content/plugins/elementor/assets/js/webpack.runtime.min.js?ver=4.1.2
Reusing existing connection to cdn.igolf32.com:443.
HTTP request sent, awaiting response... 200 OK
Length: unspecified [text/javascript]
Saving to: ‘cdn.igolf32.com/wordpress/wp-content/plugins/elementor/assets/js/webpack.runtime.min.js?ver=4.1.2’

     0K .....                                                   880K=0.006s

2026-06-12 04:31:26 (880 KB/s) - ‘cdn.igolf32.com/wordpress/wp-content/plugins/elementor/assets/js/webpack.runtime.min.js?ver=4.1.2’ saved [5819]

--2026-06-12 04:31:26--  https://cdn.igolf32.com/wordpress/wp-content/plugins/elementor/assets/js/frontend-modules.min.js?ver=4.1.2
Reusing existing connection to cdn.igolf32.com:443.
HTTP request sent, awaiting response... 200 OK
Length: unspecified [text/javascript]
Saving to: ‘cdn.igolf32.com/wordpress/wp-content/plugins/elementor/assets/js/frontend-modules.min.js?ver=4.1.2’

     0K .......... .......... .......... .......... .........   727K=0.07s

2026-06-12 04:31:26 (727 KB/s) - ‘cdn.igolf32.com/wordpress/wp-content/plugins/elementor/assets/js/frontend-modules.min.js?ver=4.1.2’ saved [50602]

--2026-06-12 04:31:26--  https://cdn.igolf32.com/wordpress/wp-content/plugins/elementor/assets/js/frontend.min.js?ver=4.1.2
Reusing existing connection to cdn.igolf32.com:443.
HTTP request sent, awaiting response... 200 OK
Length: unspecified [text/javascript]
Saving to: ‘cdn.igolf32.com/wordpress/wp-content/plugins/elementor/assets/js/frontend.min.js?ver=4.1.2’

     0K .......... .......... .......... .                     69.1M=0s

2026-06-12 04:31:26 (69.1 MB/s) - ‘cdn.igolf32.com/wordpress/wp-content/plugins/elementor/assets/js/frontend.min.js?ver=4.1.2’ saved [32098]

--2026-06-12 04:31:26--  https://cdn.igolf32.com/wordpress/wp-includes/js/underscore.min.js?ver=1.13.7
Reusing existing connection to cdn.igolf32.com:443.
HTTP request sent, awaiting response... 200 OK
Length: unspecified [text/javascript]
Saving to: ‘cdn.igolf32.com/wordpress/wp-includes/js/underscore.min.js?ver=1.13.7’

     0K .......... ........                                     102M=0s

2026-06-12 04:31:26 (102 MB/s) - ‘cdn.igolf32.com/wordpress/wp-includes/js/underscore.min.js?ver=1.13.7’ saved [18905]

--2026-06-12 04:31:26--  https://cdn.igolf32.com/wordpress/wp-includes/js/backbone.min.js?ver=1.6.0
Reusing existing connection to cdn.igolf32.com:443.
HTTP request sent, awaiting response... 200 OK
Length: unspecified [text/javascript]
Saving to: ‘cdn.igolf32.com/wordpress/wp-includes/js/backbone.min.js?ver=1.6.0’

     0K .......... .......... ...                              11.6M=0.002s

2026-06-12 04:31:26 (11.6 MB/s) - ‘cdn.igolf32.com/wordpress/wp-includes/js/backbone.min.js?ver=1.6.0’ saved [24301]

--2026-06-12 04:31:26--  https://cdn.igolf32.com/wordpress/wp-content/plugins/google-site-kit/dist/assets/js/googlesitekit-events-provider-ninja-forms-e3a0c2308db959ad9ea4.js?m=1781020775
Reusing existing connection to cdn.igolf32.com:443.
HTTP request sent, awaiting response... 200 OK
Length: unspecified [text/javascript]
Saving to: ‘cdn.igolf32.com/wordpress/wp-content/plugins/google-site-kit/dist/assets/js/googlesitekit-events-provider-ninja-forms-e3a0c2308db959ad9ea4.js?m=1781020775’

     0K .....                                                   170M=0s

2026-06-12 04:31:26 (170 MB/s) - ‘cdn.igolf32.com/wordpress/wp-content/plugins/google-site-kit/dist/assets/js/googlesitekit-events-provider-ninja-forms-e3a0c2308db959ad9ea4.js?m=1781020775’ saved [5180]

--2026-06-12 04:31:26--  https://cdn.igolf32.com/wordpress/wp-includes/js/dist/hooks.min.js?ver=dd5603f07f9220ed27f1
Reusing existing connection to cdn.igolf32.com:443.
HTTP request sent, awaiting response... 200 OK
Length: unspecified [text/javascript]
Saving to: ‘cdn.igolf32.com/wordpress/wp-includes/js/dist/hooks.min.js?ver=dd5603f07f9220ed27f1’

     0K .....                                                   129M=0s

2026-06-12 04:31:26 (129 MB/s) - ‘cdn.igolf32.com/wordpress/wp-includes/js/dist/hooks.min.js?ver=dd5603f07f9220ed27f1’ saved [5661]

--2026-06-12 04:31:26--  https://cdn.igolf32.com/wordpress/wp-includes/js/dist/i18n.min.js?ver=c26c3dc7bed366793375
Reusing existing connection to cdn.igolf32.com:443.
HTTP request sent, awaiting response... 200 OK
Length: unspecified [text/javascript]
Saving to: ‘cdn.igolf32.com/wordpress/wp-includes/js/dist/i18n.min.js?ver=c26c3dc7bed366793375’

     0K .....                                                  11.4M=0s

2026-06-12 04:31:26 (11.4 MB/s) - ‘cdn.igolf32.com/wordpress/wp-includes/js/dist/i18n.min.js?ver=c26c3dc7bed366793375’ saved [5314]

--2026-06-12 04:31:26--  https://cdn.igolf32.com/wordpress/wp-content/plugins/qi-addons-for-elementor/inc/plugins/elementor/assets/js/elementor.min.js?ver=d178c61dda490567621c763c2f524344
Reusing existing connection to cdn.igolf32.com:443.
HTTP request sent, awaiting response... 200 OK
Length: unspecified [text/javascript]
Saving to: ‘cdn.igolf32.com/wordpress/wp-content/plugins/qi-addons-for-elementor/inc/plugins/elementor/assets/js/elementor.min.js?ver=d178c61dda490567621c763c2f524344’

     0K ...                                                     137M=0s

2026-06-12 04:31:26 (137 MB/s) - ‘cdn.igolf32.com/wordpress/wp-content/plugins/qi-addons-for-elementor/inc/plugins/elementor/assets/js/elementor.min.js?ver=d178c61dda490567621c763c2f524344’ saved [3878]

--2026-06-12 04:31:26--  https://cdn.igolf32.com/wordpress/wp-content/plugins/artorias-core/inc/plugins/elementor/assets/js/elementor.min.js?ver=d178c61dda490567621c763c2f524344
Reusing existing connection to cdn.igolf32.com:443.
HTTP request sent, awaiting response... 200 OK
Length: unspecified [text/javascript]
Saving to: ‘cdn.igolf32.com/wordpress/wp-content/plugins/artorias-core/inc/plugins/elementor/assets/js/elementor.min.js?ver=d178c61dda490567621c763c2f524344’

     0K .........                                              2.26M=0.004s

2026-06-12 04:31:26 (2.26 MB/s) - ‘cdn.igolf32.com/wordpress/wp-content/plugins/artorias-core/inc/plugins/elementor/assets/js/elementor.min.js?ver=d178c61dda490567621c763c2f524344’ saved [9585]

--2026-06-12 04:31:26--  https://cdn.igolf32.com/wordpress/wp-content/plugins/elementor-pro/assets/js/webpack-pro.runtime.min.js?ver=3.35.1
Reusing existing connection to cdn.igolf32.com:443.
HTTP request sent, awaiting response... 200 OK
Length: unspecified [text/javascript]
Saving to: ‘cdn.igolf32.com/wordpress/wp-content/plugins/elementor-pro/assets/js/webpack-pro.runtime.min.js?ver=3.35.1’

     0K ......                                                 40.3M=0s

2026-06-12 04:31:26 (40.3 MB/s) - ‘cdn.igolf32.com/wordpress/wp-content/plugins/elementor-pro/assets/js/webpack-pro.runtime.min.js?ver=3.35.1’ saved [6248]

--2026-06-12 04:31:26--  https://cdn.igolf32.com/wordpress/wp-content/plugins/elementor-pro/assets/js/frontend.min.js?ver=3.35.1
Reusing existing connection to cdn.igolf32.com:443.
HTTP request sent, awaiting response... 200 OK
Length: unspecified [text/javascript]
Saving to: ‘cdn.igolf32.com/wordpress/wp-content/plugins/elementor-pro/assets/js/frontend.min.js?ver=3.35.1’

     0K .......... .......... ...                              24.5M=0.001s

2026-06-12 04:31:26 (24.5 MB/s) - ‘cdn.igolf32.com/wordpress/wp-content/plugins/elementor-pro/assets/js/frontend.min.js?ver=3.35.1’ saved [24047]

--2026-06-12 04:31:26--  https://cdn.igolf32.com/wordpress/wp-content/plugins/elementor-pro/assets/js/elements-handlers.min.js?ver=3.35.1
Reusing existing connection to cdn.igolf32.com:443.
HTTP request sent, awaiting response... 200 OK
Length: unspecified [text/javascript]
Saving to: ‘cdn.igolf32.com/wordpress/wp-content/plugins/elementor-pro/assets/js/elements-handlers.min.js?ver=3.35.1’

     0K .......... .......... .......... .......... ...        9.78M=0.004s

2026-06-12 04:31:26 (9.78 MB/s) - ‘cdn.igolf32.com/wordpress/wp-content/plugins/elementor-pro/assets/js/elements-handlers.min.js?ver=3.35.1’ saved [44258]

--2026-06-12 04:31:26--  https://cdn.igolf32.com/wordpress/wp-content/plugins/artorias-core/inc/icons/elegant-icons/assets/fonts/ElegantIcons.eot
Reusing existing connection to cdn.igolf32.com:443.
HTTP request sent, awaiting response... 200 OK
Length: 70159 (69K) [application/octet-stream]
Saving to: ‘cdn.igolf32.com/wordpress/wp-content/plugins/artorias-core/inc/icons/elegant-icons/assets/fonts/ElegantIcons.eot’

     0K .......... .......... .......... .......... .......... 72% 5.01M 0s
    50K .......... ........                                   100%  241M=0.01s

2026-06-12 04:31:26 (6.82 MB/s) - ‘cdn.igolf32.com/wordpress/wp-content/plugins/artorias-core/inc/icons/elegant-icons/assets/fonts/ElegantIcons.eot’ saved [70159/70159]

--2026-06-12 04:31:26--  https://cdn.igolf32.com/wordpress/wp-content/plugins/artorias-core/inc/icons/elegant-icons/assets/fonts/ElegantIcons.eot?
Reusing existing connection to cdn.igolf32.com:443.
HTTP request sent, awaiting response... 200 OK
Length: 70159 (69K) [application/octet-stream]
Saving to: ‘cdn.igolf32.com/wordpress/wp-content/plugins/artorias-core/inc/icons/elegant-icons/assets/fonts/ElegantIcons.eot?’

     0K .......... .......... .......... .......... .......... 72% 36.2M 0s
    50K .......... ........                                   100%  186M=0.001s

2026-06-12 04:31:26 (46.3 MB/s) - ‘cdn.igolf32.com/wordpress/wp-content/plugins/artorias-core/inc/icons/elegant-icons/assets/fonts/ElegantIcons.eot?’ saved [70159/70159]

--2026-06-12 04:31:26--  https://cdn.igolf32.com/wordpress/wp-content/plugins/artorias-core/inc/icons/elegant-icons/assets/fonts/ElegantIcons.woff
Reusing existing connection to cdn.igolf32.com:443.
HTTP request sent, awaiting response... 200 OK
Length: 63664 (62K) [font/woff]
Saving to: ‘cdn.igolf32.com/wordpress/wp-content/plugins/artorias-core/inc/icons/elegant-icons/assets/fonts/ElegantIcons.woff’

     0K .......... .......... .......... .......... .......... 80% 24.1M 0s
    50K .......... ..                                         100% 55.5M=0.002s

2026-06-12 04:31:27 (27.1 MB/s) - ‘cdn.igolf32.com/wordpress/wp-content/plugins/artorias-core/inc/icons/elegant-icons/assets/fonts/ElegantIcons.woff’ saved [63664/63664]

--2026-06-12 04:31:27--  https://cdn.igolf32.com/wordpress/wp-content/plugins/artorias-core/inc/icons/elegant-icons/assets/fonts/ElegantIcons.ttf
Reusing existing connection to cdn.igolf32.com:443.
HTTP request sent, awaiting response... 200 OK
Length: 59388 (58K) [font/ttf]
Saving to: ‘cdn.igolf32.com/wordpress/wp-content/plugins/artorias-core/inc/icons/elegant-icons/assets/fonts/ElegantIcons.ttf’

     0K .......... .......... .......... .......... .......... 86%  442K 0s
    50K .......                                               100%  160K=0.1s

2026-06-12 04:31:27 (513 KB/s) - ‘cdn.igolf32.com/wordpress/wp-content/plugins/artorias-core/inc/icons/elegant-icons/assets/fonts/ElegantIcons.ttf’ saved [59388/59388]

--2026-06-12 04:31:27--  https://cdn.igolf32.com/wordpress/wp-content/plugins/artorias-core/inc/icons/elegant-icons/assets/fonts/ElegantIcons.svg
Reusing existing connection to cdn.igolf32.com:443.
HTTP request sent, awaiting response... 200 OK
Length: unspecified [image/svg+xml]
Saving to: ‘cdn.igolf32.com/wordpress/wp-content/plugins/artorias-core/inc/icons/elegant-icons/assets/fonts/ElegantIcons.svg’

     0K .......... .......... .......... .......... .......... 8.70M
    50K .......... .......... .......... .......... .......... 6.98M
   100K .......... .......... .......... .......... .......... 9.90M
   150K .......... .......... .......... .......... .......... 8.45M
   200K .......... .......... .......... .......... .......... 9.86M
   250K .......... ..........                                  11.2M=0.03s

2026-06-12 04:31:27 (8.79 MB/s) - ‘cdn.igolf32.com/wordpress/wp-content/plugins/artorias-core/inc/icons/elegant-icons/assets/fonts/ElegantIcons.svg’ saved [277297]

--2026-06-12 04:31:27--  https://cdn.igolf32.com/wordpress/wp-content/plugins/artorias-core/inc/icons/font-awesome/assets/webfonts/fa-brands-400.woff2
Reusing existing connection to cdn.igolf32.com:443.
HTTP request sent, awaiting response... 200 OK
Length: 105548 (103K) [font/woff2]
Saving to: ‘cdn.igolf32.com/wordpress/wp-content/plugins/artorias-core/inc/icons/font-awesome/assets/webfonts/fa-brands-400.woff2’

     0K .......... .......... .......... .......... .......... 48% 8.11M 0s
    50K .......... .......... .......... .......... .......... 97% 10.9M 0s
   100K ...                                                   100% 61.5K=0.01s

2026-06-12 04:31:27 (9.59 MB/s) - ‘cdn.igolf32.com/wordpress/wp-content/plugins/artorias-core/inc/icons/font-awesome/assets/webfonts/fa-brands-400.woff2’ saved [105548/105548]

--2026-06-12 04:31:27--  https://cdn.igolf32.com/wordpress/wp-content/plugins/artorias-core/inc/icons/font-awesome/assets/webfonts/fa-brands-400.ttf
Reusing existing connection to cdn.igolf32.com:443.
HTTP request sent, awaiting response... 200 OK
Length: 181852 (178K) [font/ttf]
Saving to: ‘cdn.igolf32.com/wordpress/wp-content/plugins/artorias-core/inc/icons/font-awesome/assets/webfonts/fa-brands-400.ttf’

     0K .......... .......... .......... .......... .......... 28% 14.2M 0s
    50K .......... .......... .......... .......... .......... 56% 30.9M 0s
   100K .......... .......... .......... .......... .......... 84% 32.9M 0s
   150K .......... .......... .......                         100% 73.0M=0.007s

2026-06-12 04:31:27 (25.2 MB/s) - ‘cdn.igolf32.com/wordpress/wp-content/plugins/artorias-core/inc/icons/font-awesome/assets/webfonts/fa-brands-400.ttf’ saved [181852/181852]

--2026-06-12 04:31:27--  https://cdn.igolf32.com/wordpress/wp-content/plugins/artorias-core/inc/icons/font-awesome/assets/webfonts/fa-regular-400.woff2
Reusing existing connection to cdn.igolf32.com:443.
HTTP request sent, awaiting response... 200 OK
Length: 23936 (23K) [font/woff2]
Saving to: ‘cdn.igolf32.com/wordpress/wp-content/plugins/artorias-core/inc/icons/font-awesome/assets/webfonts/fa-regular-400.woff2’

     0K .......... .......... ...                             100% 9.46M=0.002s

2026-06-12 04:31:27 (9.46 MB/s) - ‘cdn.igolf32.com/wordpress/wp-content/plugins/artorias-core/inc/icons/font-awesome/assets/webfonts/fa-regular-400.woff2’ saved [23936/23936]

--2026-06-12 04:31:27--  https://cdn.igolf32.com/wordpress/wp-content/plugins/artorias-core/inc/icons/font-awesome/assets/webfonts/fa-regular-400.ttf
Reusing existing connection to cdn.igolf32.com:443.
HTTP request sent, awaiting response... 200 OK
Length: 60520 (59K) [font/ttf]
Saving to: ‘cdn.igolf32.com/wordpress/wp-content/plugins/artorias-core/inc/icons/font-awesome/assets/webfonts/fa-regular-400.ttf’

     0K .......... .......... .......... .......... .......... 84% 25.8M 0s
    50K .........                                             100%  182K=0.002s

2026-06-12 04:31:27 (30.5 MB/s) - ‘cdn.igolf32.com/wordpress/wp-content/plugins/artorias-core/inc/icons/font-awesome/assets/webfonts/fa-regular-400.ttf’ saved [60520/60520]

--2026-06-12 04:31:27--  https://cdn.igolf32.com/wordpress/wp-content/plugins/artorias-core/inc/icons/font-awesome/assets/webfonts/fa-solid-900.woff2
Reusing existing connection to cdn.igolf32.com:443.
HTTP request sent, awaiting response... 200 OK
Length: 154224 (151K) [font/woff2]
Saving to: ‘cdn.igolf32.com/wordpress/wp-content/plugins/artorias-core/inc/icons/font-awesome/assets/webfonts/fa-solid-900.woff2’

     0K .......... .......... .......... .......... .......... 33% 26.8M 0s
    50K .......... .......... .......... .......... .......... 66% 33.6M 0s
   100K .......... .......... .......... .......... .......... 99% 59.5M 0s
   150K                                                       100% 12.2K=0.004s

2026-06-12 04:31:28 (35.9 MB/s) - ‘cdn.igolf32.com/wordpress/wp-content/plugins/artorias-core/inc/icons/font-awesome/assets/webfonts/fa-solid-900.woff2’ saved [154224/154224]

--2026-06-12 04:31:28--  https://cdn.igolf32.com/wordpress/wp-content/plugins/artorias-core/inc/icons/font-awesome/assets/webfonts/fa-solid-900.ttf
Reusing existing connection to cdn.igolf32.com:443.
HTTP request sent, awaiting response... 200 OK
Length: 388460 (379K) [font/ttf]
Saving to: ‘cdn.igolf32.com/wordpress/wp-content/plugins/artorias-core/inc/icons/font-awesome/assets/webfonts/fa-solid-900.ttf’

     0K .......... .......... .......... .......... .......... 13% 6.30M 0s
    50K .......... .......... .......... .......... .......... 26% 13.1M 0s
   100K .......... .......... .......... .......... .......... 39% 45.0M 0s
   150K .......... .......... .......... .......... .......... 52% 37.5M 0s
   200K .......... .......... .......... .......... .......... 65% 41.0M 0s
   250K .......... .......... .......... .......... .......... 79% 40.2M 0s
   300K .......... .......... .......... .......... .......... 92% 37.0M 0s
   350K .......... .......... .........                       100% 54.6M=0.02s

2026-06-12 04:31:28 (20.4 MB/s) - ‘cdn.igolf32.com/wordpress/wp-content/plugins/artorias-core/inc/icons/font-awesome/assets/webfonts/fa-solid-900.ttf’ saved [388460/388460]

--2026-06-12 04:31:28--  https://cdn.igolf32.com/wordpress/wp-content/plugins/artorias-core/inc/icons/font-awesome/assets/webfonts/fa-v4compatibility.woff2
Reusing existing connection to cdn.igolf32.com:443.
HTTP request sent, awaiting response... 200 OK
Length: 4960 (4.8K) [font/woff2]
Saving to: ‘cdn.igolf32.com/wordpress/wp-content/plugins/artorias-core/inc/icons/font-awesome/assets/webfonts/fa-v4compatibility.woff2’

     0K ....                                                  100%  143M=0s

2026-06-12 04:31:28 (143 MB/s) - ‘cdn.igolf32.com/wordpress/wp-content/plugins/artorias-core/inc/icons/font-awesome/assets/webfonts/fa-v4compatibility.woff2’ saved [4960/4960]

--2026-06-12 04:31:28--  https://cdn.igolf32.com/wordpress/wp-content/plugins/artorias-core/inc/icons/font-awesome/assets/webfonts/fa-v4compatibility.ttf
Reusing existing connection to cdn.igolf32.com:443.
HTTP request sent, awaiting response... 200 OK
Length: 10556 (10K) [font/ttf]
Saving to: ‘cdn.igolf32.com/wordpress/wp-content/plugins/artorias-core/inc/icons/font-awesome/assets/webfonts/fa-v4compatibility.ttf’

     0K ..........                                            100% 14.1M=0.001s

2026-06-12 04:31:28 (14.1 MB/s) - ‘cdn.igolf32.com/wordpress/wp-content/plugins/artorias-core/inc/icons/font-awesome/assets/webfonts/fa-v4compatibility.ttf’ saved [10556/10556]

--2026-06-12 04:31:28--  https://cdn.igolf32.com/wordpress/wp-content/themes/artorias/assets/img/quote.svg
Reusing existing connection to cdn.igolf32.com:443.
HTTP request sent, awaiting response... 200 OK
Length: unspecified [image/svg+xml]
Saving to: ‘cdn.igolf32.com/wordpress/wp-content/themes/artorias/assets/img/quote.svg’

     0K                                                        27.8M=0s

2026-06-12 04:31:28 (27.8 MB/s) - ‘cdn.igolf32.com/wordpress/wp-content/themes/artorias/assets/img/quote.svg’ saved [612]

--2026-06-12 04:31:28--  https://cdn.igolf32.com/wordpress/wp-content/plugins/artorias-core/inc/spinner/layouts/predefined/assets/img/artorias-ghost.png
Reusing existing connection to cdn.igolf32.com:443.
HTTP request sent, awaiting response... 200 OK
Length: 40214 (39K) [image/png]
Saving to: ‘cdn.igolf32.com/wordpress/wp-content/plugins/artorias-core/inc/spinner/layouts/predefined/assets/img/artorias-ghost.png’

     0K .......... .......... .......... .........            100% 61.0M=0.001s

2026-06-12 04:31:28 (61.0 MB/s) - ‘cdn.igolf32.com/wordpress/wp-content/plugins/artorias-core/inc/spinner/layouts/predefined/assets/img/artorias-ghost.png’ saved [40214/40214]

--2026-06-12 04:31:28--  https://cdn.igolf32.com/easyio-bfont/rubik/files/rubik-latin-400-normal.woff2
Reusing existing connection to cdn.igolf32.com:443.
HTTP request sent, awaiting response... 200 OK
Length: 18936 (18K) [font/woff2]
Saving to: ‘cdn.igolf32.com/easyio-bfont/rubik/files/rubik-latin-400-normal.woff2’

     0K .......... ........                                   100%  126M=0s

2026-06-12 04:31:28 (126 MB/s) - ‘cdn.igolf32.com/easyio-bfont/rubik/files/rubik-latin-400-normal.woff2’ saved [18936/18936]

--2026-06-12 04:31:28--  https://cdn.igolf32.com/easyio-bfont/rubik/files/rubik-latin-400-normal.woff
Reusing existing connection to cdn.igolf32.com:443.
HTTP request sent, awaiting response... 200 OK
Length: 23920 (23K) [font/woff]
Saving to: ‘cdn.igolf32.com/easyio-bfont/rubik/files/rubik-latin-400-normal.woff’

     0K .......... .......... ...                             100% 11.5M=0.002s

2026-06-12 04:31:28 (11.5 MB/s) - ‘cdn.igolf32.com/easyio-bfont/rubik/files/rubik-latin-400-normal.woff’ saved [23920/23920]

--2026-06-12 04:31:28--  https://cdn.igolf32.com/easyio-bfont/rubik/files/rubik-arabic-400-normal.woff2
Reusing existing connection to cdn.igolf32.com:443.
HTTP request sent, awaiting response... 200 OK
Length: 17400 (17K) [font/woff2]
Saving to: ‘cdn.igolf32.com/easyio-bfont/rubik/files/rubik-arabic-400-normal.woff2’

     0K .......... ......                                     100% 73.1M=0s

2026-06-12 04:31:28 (73.1 MB/s) - ‘cdn.igolf32.com/easyio-bfont/rubik/files/rubik-arabic-400-normal.woff2’ saved [17400/17400]

--2026-06-12 04:31:28--  https://cdn.igolf32.com/easyio-bfont/rubik/files/rubik-arabic-400-normal.woff
Reusing existing connection to cdn.igolf32.com:443.
HTTP request sent, awaiting response... 200 OK
Length: 22308 (22K) [font/woff]
Saving to: ‘cdn.igolf32.com/easyio-bfont/rubik/files/rubik-arabic-400-normal.woff’

     0K .......... .......... .                               100%  585K=0.04s

2026-06-12 04:31:29 (585 KB/s) - ‘cdn.igolf32.com/easyio-bfont/rubik/files/rubik-arabic-400-normal.woff’ saved [22308/22308]

--2026-06-12 04:31:29--  https://cdn.igolf32.com/easyio-bfont/rubik/files/rubik-hebrew-400-normal.woff2
Reusing existing connection to cdn.igolf32.com:443.
HTTP request sent, awaiting response... 200 OK
Length: 5320 (5.2K) [font/woff2]
Saving to: ‘cdn.igolf32.com/easyio-bfont/rubik/files/rubik-hebrew-400-normal.woff2’

     0K .....                                                 100%  145M=0s

2026-06-12 04:31:29 (145 MB/s) - ‘cdn.igolf32.com/easyio-bfont/rubik/files/rubik-hebrew-400-normal.woff2’ saved [5320/5320]

--2026-06-12 04:31:29--  https://cdn.igolf32.com/easyio-bfont/rubik/files/rubik-hebrew-400-normal.woff
Reusing existing connection to cdn.igolf32.com:443.
HTTP request sent, awaiting response... 200 OK
Length: 6768 (6.6K) [font/woff]
Saving to: ‘cdn.igolf32.com/easyio-bfont/rubik/files/rubik-hebrew-400-normal.woff’

     0K ......                                                100% 10.7M=0.001s

2026-06-12 04:31:29 (10.7 MB/s) - ‘cdn.igolf32.com/easyio-bfont/rubik/files/rubik-hebrew-400-normal.woff’ saved [6768/6768]

--2026-06-12 04:31:29--  https://cdn.igolf32.com/easyio-bfont/rubik/files/rubik-cyrillic-400-normal.woff2
Reusing existing connection to cdn.igolf32.com:443.
HTTP request sent, awaiting response... 200 OK
Length: 7872 (7.7K) [font/woff2]
Saving to: ‘cdn.igolf32.com/easyio-bfont/rubik/files/rubik-cyrillic-400-normal.woff2’

     0K .......                                               100% 19.7M=0s

2026-06-12 04:31:29 (19.7 MB/s) - ‘cdn.igolf32.com/easyio-bfont/rubik/files/rubik-cyrillic-400-normal.woff2’ saved [7872/7872]

--2026-06-12 04:31:29--  https://cdn.igolf32.com/easyio-bfont/rubik/files/rubik-cyrillic-400-normal.woff
Reusing existing connection to cdn.igolf32.com:443.
HTTP request sent, awaiting response... 200 OK
Length: 9880 (9.6K) [font/woff]
Saving to: ‘cdn.igolf32.com/easyio-bfont/rubik/files/rubik-cyrillic-400-normal.woff’

     0K .........                                             100%  111M=0s

2026-06-12 04:31:29 (111 MB/s) - ‘cdn.igolf32.com/easyio-bfont/rubik/files/rubik-cyrillic-400-normal.woff’ saved [9880/9880]

--2026-06-12 04:31:29--  https://cdn.igolf32.com/easyio-bfont/rubik/files/rubik-latin-ext-400-normal.woff2
Reusing existing connection to cdn.igolf32.com:443.
HTTP request sent, awaiting response... 200 OK
Length: 10632 (10K) [font/woff2]
Saving to: ‘cdn.igolf32.com/easyio-bfont/rubik/files/rubik-latin-ext-400-normal.woff2’

     0K ..........                                            100% 9.90G=0s

2026-06-12 04:31:29 (9.90 GB/s) - ‘cdn.igolf32.com/easyio-bfont/rubik/files/rubik-latin-ext-400-normal.woff2’ saved [10632/10632]

--2026-06-12 04:31:29--  https://cdn.igolf32.com/easyio-bfont/rubik/files/rubik-latin-ext-400-normal.woff
Reusing existing connection to cdn.igolf32.com:443.
HTTP request sent, awaiting response... 200 OK
Length: 13736 (13K) [font/woff]
Saving to: ‘cdn.igolf32.com/easyio-bfont/rubik/files/rubik-latin-ext-400-normal.woff’

     0K .......... ...                                        100% 56.0M=0s

2026-06-12 04:31:29 (56.0 MB/s) - ‘cdn.igolf32.com/easyio-bfont/rubik/files/rubik-latin-ext-400-normal.woff’ saved [13736/13736]

--2026-06-12 04:31:29--  https://cdn.igolf32.com/easyio-bfont/rubik/files/rubik-cyrillic-ext-400-normal.woff2
Reusing existing connection to cdn.igolf32.com:443.
HTTP request sent, awaiting response... 200 OK
Length: 6312 (6.2K) [font/woff2]
Saving to: ‘cdn.igolf32.com/easyio-bfont/rubik/files/rubik-cyrillic-ext-400-normal.woff2’

     0K ......                                                100% 40.7M=0s

2026-06-12 04:31:30 (40.7 MB/s) - ‘cdn.igolf32.com/easyio-bfont/rubik/files/rubik-cyrillic-ext-400-normal.woff2’ saved [6312/6312]

--2026-06-12 04:31:30--  https://cdn.igolf32.com/easyio-bfont/rubik/files/rubik-cyrillic-ext-400-normal.woff
Reusing existing connection to cdn.igolf32.com:443.
HTTP request sent, awaiting response... 200 OK
Length: 8180 (8.0K) [font/woff]
Saving to: ‘cdn.igolf32.com/easyio-bfont/rubik/files/rubik-cyrillic-ext-400-normal.woff’

     0K .......                                               100% 12.9M=0.001s

2026-06-12 04:31:30 (12.9 MB/s) - ‘cdn.igolf32.com/easyio-bfont/rubik/files/rubik-cyrillic-ext-400-normal.woff’ saved [8180/8180]

--2026-06-12 04:31:30--  https://cdn.igolf32.com/easyio-bfont/rubik/files/rubik-latin-700-normal.woff2
Reusing existing connection to cdn.igolf32.com:443.
HTTP request sent, awaiting response... 200 OK
Length: 19112 (19K) [font/woff2]
Saving to: ‘cdn.igolf32.com/easyio-bfont/rubik/files/rubik-latin-700-normal.woff2’

     0K .......... ........                                   100% 13.7M=0.001s

2026-06-12 04:31:30 (13.7 MB/s) - ‘cdn.igolf32.com/easyio-bfont/rubik/files/rubik-latin-700-normal.woff2’ saved [19112/19112]

--2026-06-12 04:31:30--  https://cdn.igolf32.com/easyio-bfont/rubik/files/rubik-latin-700-normal.woff
Reusing existing connection to cdn.igolf32.com:443.
HTTP request sent, awaiting response... 200 OK
Length: 24284 (24K) [font/woff]
Saving to: ‘cdn.igolf32.com/easyio-bfont/rubik/files/rubik-latin-700-normal.woff’

     0K .......... .......... ...                             100% 34.0M=0.001s

2026-06-12 04:31:30 (34.0 MB/s) - ‘cdn.igolf32.com/easyio-bfont/rubik/files/rubik-latin-700-normal.woff’ saved [24284/24284]

--2026-06-12 04:31:30--  https://cdn.igolf32.com/easyio-bfont/rubik/files/rubik-arabic-700-normal.woff2
Reusing existing connection to cdn.igolf32.com:443.
HTTP request sent, awaiting response... 200 OK
Length: 17660 (17K) [font/woff2]
Saving to: ‘cdn.igolf32.com/easyio-bfont/rubik/files/rubik-arabic-700-normal.woff2’

     0K .......... .......                                    100% 13.6M=0.001s

2026-06-12 04:31:30 (13.6 MB/s) - ‘cdn.igolf32.com/easyio-bfont/rubik/files/rubik-arabic-700-normal.woff2’ saved [17660/17660]

--2026-06-12 04:31:30--  https://cdn.igolf32.com/easyio-bfont/rubik/files/rubik-arabic-700-normal.woff
Reusing existing connection to cdn.igolf32.com:443.
HTTP request sent, awaiting response... 200 OK
Length: 22496 (22K) [font/woff]
Saving to: ‘cdn.igolf32.com/easyio-bfont/rubik/files/rubik-arabic-700-normal.woff’

     0K .......... .......... .                               100%  129M=0s

2026-06-12 04:31:30 (129 MB/s) - ‘cdn.igolf32.com/easyio-bfont/rubik/files/rubik-arabic-700-normal.woff’ saved [22496/22496]

--2026-06-12 04:31:30--  https://cdn.igolf32.com/easyio-bfont/rubik/files/rubik-hebrew-700-normal.woff2
Reusing existing connection to cdn.igolf32.com:443.
HTTP request sent, awaiting response... 200 OK
Length: 5456 (5.3K) [font/woff2]
Saving to: ‘cdn.igolf32.com/easyio-bfont/rubik/files/rubik-hebrew-700-normal.woff2’

     0K .....                                                 100%  106M=0s

2026-06-12 04:31:30 (106 MB/s) - ‘cdn.igolf32.com/easyio-bfont/rubik/files/rubik-hebrew-700-normal.woff2’ saved [5456/5456]

--2026-06-12 04:31:30--  https://cdn.igolf32.com/easyio-bfont/rubik/files/rubik-hebrew-700-normal.woff
Reusing existing connection to cdn.igolf32.com:443.
HTTP request sent, awaiting response... 200 OK
Length: 6788 (6.6K) [font/woff]
Saving to: ‘cdn.igolf32.com/easyio-bfont/rubik/files/rubik-hebrew-700-normal.woff’

     0K ......                                                100% 29.4M=0s

2026-06-12 04:31:30 (29.4 MB/s) - ‘cdn.igolf32.com/easyio-bfont/rubik/files/rubik-hebrew-700-normal.woff’ saved [6788/6788]

--2026-06-12 04:31:30--  https://cdn.igolf32.com/easyio-bfont/rubik/files/rubik-cyrillic-700-normal.woff2
Reusing existing connection to cdn.igolf32.com:443.
HTTP request sent, awaiting response... 200 OK
Length: 7900 (7.7K) [font/woff2]
Saving to: ‘cdn.igolf32.com/easyio-bfont/rubik/files/rubik-cyrillic-700-normal.woff2’

     0K .......                                               100% 4.41M=0.002s

2026-06-12 04:31:30 (4.41 MB/s) - ‘cdn.igolf32.com/easyio-bfont/rubik/files/rubik-cyrillic-700-normal.woff2’ saved [7900/7900]

--2026-06-12 04:31:30--  https://cdn.igolf32.com/easyio-bfont/rubik/files/rubik-cyrillic-700-normal.woff
Reusing existing connection to cdn.igolf32.com:443.
HTTP request sent, awaiting response... 200 OK
Length: 9872 (9.6K) [font/woff]
Saving to: ‘cdn.igolf32.com/easyio-bfont/rubik/files/rubik-cyrillic-700-normal.woff’

     0K .........                                             100% 10.6M=0.001s

2026-06-12 04:31:30 (10.6 MB/s) - ‘cdn.igolf32.com/easyio-bfont/rubik/files/rubik-cyrillic-700-normal.woff’ saved [9872/9872]

--2026-06-12 04:31:30--  https://cdn.igolf32.com/easyio-bfont/rubik/files/rubik-latin-ext-700-normal.woff2
Reusing existing connection to cdn.igolf32.com:443.
HTTP request sent, awaiting response... 200 OK
Length: 10856 (11K) [font/woff2]
Saving to: ‘cdn.igolf32.com/easyio-bfont/rubik/files/rubik-latin-ext-700-normal.woff2’

     0K ..........                                            100%  211M=0s

2026-06-12 04:31:31 (211 MB/s) - ‘cdn.igolf32.com/easyio-bfont/rubik/files/rubik-latin-ext-700-normal.woff2’ saved [10856/10856]

--2026-06-12 04:31:31--  https://cdn.igolf32.com/easyio-bfont/rubik/files/rubik-latin-ext-700-normal.woff
Reusing existing connection to cdn.igolf32.com:443.
HTTP request sent, awaiting response... 200 OK
Length: 13896 (14K) [font/woff]
Saving to: ‘cdn.igolf32.com/easyio-bfont/rubik/files/rubik-latin-ext-700-normal.woff’

     0K .......... ...                                        100% 14.9M=0.001s

2026-06-12 04:31:31 (14.9 MB/s) - ‘cdn.igolf32.com/easyio-bfont/rubik/files/rubik-latin-ext-700-normal.woff’ saved [13896/13896]

--2026-06-12 04:31:31--  https://cdn.igolf32.com/easyio-bfont/rubik/files/rubik-cyrillic-ext-700-normal.woff2
Reusing existing connection to cdn.igolf32.com:443.
HTTP request sent, awaiting response... 200 OK
Length: 6460 (6.3K) [font/woff2]
Saving to: ‘cdn.igolf32.com/easyio-bfont/rubik/files/rubik-cyrillic-ext-700-normal.woff2’

     0K ......                                                100% 26.0M=0s

2026-06-12 04:31:31 (26.0 MB/s) - ‘cdn.igolf32.com/easyio-bfont/rubik/files/rubik-cyrillic-ext-700-normal.woff2’ saved [6460/6460]

--2026-06-12 04:31:31--  https://cdn.igolf32.com/easyio-bfont/rubik/files/rubik-cyrillic-ext-700-normal.woff
Reusing existing connection to cdn.igolf32.com:443.
HTTP request sent, awaiting response... 200 OK
Length: 8276 (8.1K) [font/woff]
Saving to: ‘cdn.igolf32.com/easyio-bfont/rubik/files/rubik-cyrillic-ext-700-normal.woff’

     0K ........                                              100% 41.1M=0s

2026-06-12 04:31:31 (41.1 MB/s) - ‘cdn.igolf32.com/easyio-bfont/rubik/files/rubik-cyrillic-ext-700-normal.woff’ saved [8276/8276]

--2026-06-12 04:31:31--  https://cdn.igolf32.com/easyio-bfont/space-mono/files/space-mono-latin-400-normal.woff2
Reusing existing connection to cdn.igolf32.com:443.
HTTP request sent, awaiting response... 200 OK
Length: 16520 (16K) [font/woff2]
Saving to: ‘cdn.igolf32.com/easyio-bfont/space-mono/files/space-mono-latin-400-normal.woff2’

     0K .......... ......                                     100%  104M=0s

2026-06-12 04:31:31 (104 MB/s) - ‘cdn.igolf32.com/easyio-bfont/space-mono/files/space-mono-latin-400-normal.woff2’ saved [16520/16520]

--2026-06-12 04:31:31--  https://cdn.igolf32.com/easyio-bfont/space-mono/files/space-mono-latin-400-normal.woff
Reusing existing connection to cdn.igolf32.com:443.
HTTP request sent, awaiting response... 200 OK
Length: 12312 (12K) [font/woff]
Saving to: ‘cdn.igolf32.com/easyio-bfont/space-mono/files/space-mono-latin-400-normal.woff’

     0K .......... ..                                         100% 12.7M=0.001s

2026-06-12 04:31:31 (12.7 MB/s) - ‘cdn.igolf32.com/easyio-bfont/space-mono/files/space-mono-latin-400-normal.woff’ saved [12312/12312]

--2026-06-12 04:31:31--  https://cdn.igolf32.com/easyio-bfont/space-mono/files/space-mono-latin-ext-400-normal.woff2
Reusing existing connection to cdn.igolf32.com:443.
HTTP request sent, awaiting response... 200 OK
Length: 15832 (15K) [font/woff2]
Saving to: ‘cdn.igolf32.com/easyio-bfont/space-mono/files/space-mono-latin-ext-400-normal.woff2’

     0K .......... .....                                      100% 84.3M=0s

2026-06-12 04:31:31 (84.3 MB/s) - ‘cdn.igolf32.com/easyio-bfont/space-mono/files/space-mono-latin-ext-400-normal.woff2’ saved [15832/15832]

--2026-06-12 04:31:31--  https://cdn.igolf32.com/easyio-bfont/space-mono/files/space-mono-latin-ext-400-normal.woff
Reusing existing connection to cdn.igolf32.com:443.
HTTP request sent, awaiting response... 200 OK
Length: 12608 (12K) [font/woff]
Saving to: ‘cdn.igolf32.com/easyio-bfont/space-mono/files/space-mono-latin-ext-400-normal.woff’

     0K .......... ..                                         100% 10.2M=0.001s

2026-06-12 04:31:31 (10.2 MB/s) - ‘cdn.igolf32.com/easyio-bfont/space-mono/files/space-mono-latin-ext-400-normal.woff’ saved [12608/12608]

--2026-06-12 04:31:31--  https://cdn.igolf32.com/easyio-bfont/space-mono/files/space-mono-vietnamese-400-normal.woff2
Reusing existing connection to cdn.igolf32.com:443.
HTTP request sent, awaiting response... 200 OK
Length: 7272 (7.1K) [font/woff2]
Saving to: ‘cdn.igolf32.com/easyio-bfont/space-mono/files/space-mono-vietnamese-400-normal.woff2’

     0K .......                                               100% 19.2M=0s

2026-06-12 04:31:31 (19.2 MB/s) - ‘cdn.igolf32.com/easyio-bfont/space-mono/files/space-mono-vietnamese-400-normal.woff2’ saved [7272/7272]

--2026-06-12 04:31:31--  https://cdn.igolf32.com/easyio-bfont/space-mono/files/space-mono-vietnamese-400-normal.woff
Reusing existing connection to cdn.igolf32.com:443.
HTTP request sent, awaiting response... 200 OK
Length: 5412 (5.3K) [font/woff]
Saving to: ‘cdn.igolf32.com/easyio-bfont/space-mono/files/space-mono-vietnamese-400-normal.woff’

     0K .....                                                 100% 84.6M=0s

2026-06-12 04:31:32 (84.6 MB/s) - ‘cdn.igolf32.com/easyio-bfont/space-mono/files/space-mono-vietnamese-400-normal.woff’ saved [5412/5412]

--2026-06-12 04:31:32--  https://cdn.igolf32.com/easyio-bfont/space-mono/files/space-mono-latin-700-normal.woff2
Reusing existing connection to cdn.igolf32.com:443.
HTTP request sent, awaiting response... 200 OK
Length: 16724 (16K) [font/woff2]
Saving to: ‘cdn.igolf32.com/easyio-bfont/space-mono/files/space-mono-latin-700-normal.woff2’

     0K .......... ......                                     100% 13.2M=0.001s

2026-06-12 04:31:32 (13.2 MB/s) - ‘cdn.igolf32.com/easyio-bfont/space-mono/files/space-mono-latin-700-normal.woff2’ saved [16724/16724]

--2026-06-12 04:31:32--  https://cdn.igolf32.com/easyio-bfont/space-mono/files/space-mono-latin-700-normal.woff
Reusing existing connection to cdn.igolf32.com:443.
HTTP request sent, awaiting response... 200 OK
Length: 12416 (12K) [font/woff]
Saving to: ‘cdn.igolf32.com/easyio-bfont/space-mono/files/space-mono-latin-700-normal.woff’

     0K .......... ..                                         100% 28.0M=0s

2026-06-12 04:31:32 (28.0 MB/s) - ‘cdn.igolf32.com/easyio-bfont/space-mono/files/space-mono-latin-700-normal.woff’ saved [12416/12416]

--2026-06-12 04:31:32--  https://cdn.igolf32.com/easyio-bfont/space-mono/files/space-mono-latin-ext-700-normal.woff2
Reusing existing connection to cdn.igolf32.com:443.
HTTP request sent, awaiting response... 200 OK
Length: 15808 (15K) [font/woff2]
Saving to: ‘cdn.igolf32.com/easyio-bfont/space-mono/files/space-mono-latin-ext-700-normal.woff2’

     0K .......... .....                                      100% 11.8M=0.001s

2026-06-12 04:31:32 (11.8 MB/s) - ‘cdn.igolf32.com/easyio-bfont/space-mono/files/space-mono-latin-ext-700-normal.woff2’ saved [15808/15808]

--2026-06-12 04:31:32--  https://cdn.igolf32.com/easyio-bfont/space-mono/files/space-mono-latin-ext-700-normal.woff
Reusing existing connection to cdn.igolf32.com:443.
HTTP request sent, awaiting response... 200 OK
Length: 12484 (12K) [font/woff]
Saving to: ‘cdn.igolf32.com/easyio-bfont/space-mono/files/space-mono-latin-ext-700-normal.woff’

     0K .......... ..                                         100%  105M=0s

2026-06-12 04:31:32 (105 MB/s) - ‘cdn.igolf32.com/easyio-bfont/space-mono/files/space-mono-latin-ext-700-normal.woff’ saved [12484/12484]

--2026-06-12 04:31:32--  https://cdn.igolf32.com/easyio-bfont/space-mono/files/space-mono-vietnamese-700-normal.woff2
Reusing existing connection to cdn.igolf32.com:443.
HTTP request sent, awaiting response... 200 OK
Length: 7332 (7.2K) [font/woff2]
Saving to: ‘cdn.igolf32.com/easyio-bfont/space-mono/files/space-mono-vietnamese-700-normal.woff2’

     0K .......                                               100%  149M=0s

2026-06-12 04:31:32 (149 MB/s) - ‘cdn.igolf32.com/easyio-bfont/space-mono/files/space-mono-vietnamese-700-normal.woff2’ saved [7332/7332]

--2026-06-12 04:31:32--  https://cdn.igolf32.com/easyio-bfont/space-mono/files/space-mono-vietnamese-700-normal.woff
Reusing existing connection to cdn.igolf32.com:443.
HTTP request sent, awaiting response... 200 OK
Length: 5448 (5.3K) [font/woff]
Saving to: ‘cdn.igolf32.com/easyio-bfont/space-mono/files/space-mono-vietnamese-700-normal.woff’

     0K .....                                                 100% 22.9M=0s

2026-06-12 04:31:32 (22.9 MB/s) - ‘cdn.igolf32.com/easyio-bfont/space-mono/files/space-mono-vietnamese-700-normal.woff’ saved [5448/5448]

--2026-06-12 04:31:32--  https://cdn.igolf32.com/wordpress/wp-content/uploads/seamless_striped_pattern_min.jpg?strip=all&sharp=1
Reusing existing connection to cdn.igolf32.com:443.
HTTP request sent, awaiting response... 200 OK
Length: 60497 (59K) [image/jpeg]
Saving to: ‘cdn.igolf32.com/wordpress/wp-content/uploads/seamless_striped_pattern_min.jpg?strip=all&sharp=1’

     0K .......... .......... .......... .......... .......... 84% 13.8M 0s
    50K .........                                             100%  182K=0.004s

2026-06-12 04:31:33 (16.3 MB/s) - ‘cdn.igolf32.com/wordpress/wp-content/uploads/seamless_striped_pattern_min.jpg?strip=all&sharp=1’ saved [60497/60497]

--2026-06-12 04:31:33--  https://cdn.igolf32.com/wordpress/wp-content/uploads/iGolf-Background-scaled.jpg?strip=all&sharp=1
Reusing existing connection to cdn.igolf32.com:443.
HTTP request sent, awaiting response... 200 OK
Length: 166752 (163K) [image/jpeg]
Saving to: ‘cdn.igolf32.com/wordpress/wp-content/uploads/iGolf-Background-scaled.jpg?strip=all&sharp=1’

     0K .......... .......... .......... .......... .......... 30% 24.5M 0s
    50K .......... .......... .......... .......... .......... 61% 28.4M 0s
   100K .......... .......... .......... .......... .......... 92% 28.7M 0s
   150K .......... ..                                         100% 73.3M=0.006s

2026-06-12 04:31:33 (28.4 MB/s) - ‘cdn.igolf32.com/wordpress/wp-content/uploads/iGolf-Background-scaled.jpg?strip=all&sharp=1’ saved [166752/166752]

--2026-06-12 04:31:33--  https://cdn.igolf32.com/wordpress/wp-content/uploads/DSC01959.jpg?strip=all&sharp=1
Reusing existing connection to cdn.igolf32.com:443.
HTTP request sent, awaiting response... 200 OK
Length: 235141 (230K) [image/jpeg]
Saving to: ‘cdn.igolf32.com/wordpress/wp-content/uploads/DSC01959.jpg?strip=all&sharp=1’

     0K .......... .......... .......... .......... .......... 21% 9.08M 0s
    50K .......... .......... .......... .......... .......... 43% 7.80M 0s
   100K .......... .......... .......... .......... .......... 65% 11.7M 0s
   150K .......... .......... .......... .......... .......... 87% 6.34M 0s
   200K .......... .......... .........                       100% 13.6M=0.03s

2026-06-12 04:31:34 (8.74 MB/s) - ‘cdn.igolf32.com/wordpress/wp-content/uploads/DSC01959.jpg?strip=all&sharp=1’ saved [235141/235141]

--2026-06-12 04:31:34--  https://cdn.igolf32.com/wordpress/wp-content/uploads/DSC01930-1.jpg?strip=all&sharp=1
Reusing existing connection to cdn.igolf32.com:443.
HTTP request sent, awaiting response... 200 OK
Length: 161075 (157K) [image/jpeg]
Saving to: ‘cdn.igolf32.com/wordpress/wp-content/uploads/DSC01930-1.jpg?strip=all&sharp=1’

     0K .......... .......... .......... .......... .......... 31% 10.3M 0s
    50K .......... .......... .......... .......... .......... 63% 8.58M 0s
   100K .......... .......... .......... .......... .......... 95% 9.14M 0s
   150K .......                                               100% 13.7M=0.02s

2026-06-12 04:31:34 (9.43 MB/s) - ‘cdn.igolf32.com/wordpress/wp-content/uploads/DSC01930-1.jpg?strip=all&sharp=1’ saved [161075/161075]

--2026-06-12 04:31:34--  https://cdn.igolf32.com/wordpress/wp-content/uploads/DSC08574.jpg?strip=all&sharp=1
Reusing existing connection to cdn.igolf32.com:443.
HTTP request sent, awaiting response... 200 OK
Length: 149367 (146K) [image/jpeg]
Saving to: ‘cdn.igolf32.com/wordpress/wp-content/uploads/DSC08574.jpg?strip=all&sharp=1’

     0K .......... .......... .......... .......... .......... 34% 5.69M 0s
    50K .......... .......... .......... .......... .......... 68% 5.52M 0s
   100K .......... .......... .......... .......... .....     100% 8.48M=0.02s

2026-06-12 04:31:35 (6.27 MB/s) - ‘cdn.igolf32.com/wordpress/wp-content/uploads/DSC08574.jpg?strip=all&sharp=1’ saved [149367/149367]

--2026-06-12 04:31:35--  https://cdn.igolf32.com/wordpress/wp-content/uploads/DSC00225_edit.jpg?strip=all&sharp=1
Reusing existing connection to cdn.igolf32.com:443.
HTTP request sent, awaiting response... 200 OK
Length: 227841 (223K) [image/jpeg]
Saving to: ‘cdn.igolf32.com/wordpress/wp-content/uploads/DSC00225_edit.jpg?strip=all&sharp=1’

     0K .......... .......... .......... .......... .......... 22% 7.36M 0s
    50K .......... .......... .......... .......... .......... 44% 6.75M 0s
   100K .......... .......... .......... .......... .......... 67% 9.35M 0s
   150K .......... .......... .......... .......... .......... 89% 6.80M 0s
   200K .......... .......... ..                              100% 34.0M=0.03s

2026-06-12 04:31:36 (8.07 MB/s) - ‘cdn.igolf32.com/wordpress/wp-content/uploads/DSC00225_edit.jpg?strip=all&sharp=1’ saved [227841/227841]

--2026-06-12 04:31:36--  https://cdn.igolf32.com/wordpress/wp-content/uploads/DSC00257_edit.jpg?strip=all&sharp=1
Reusing existing connection to cdn.igolf32.com:443.
HTTP request sent, awaiting response... 200 OK
Length: 244839 (239K) [image/jpeg]
Saving to: ‘cdn.igolf32.com/wordpress/wp-content/uploads/DSC00257_edit.jpg?strip=all&sharp=1’

     0K .......... .......... .......... .......... .......... 20% 8.70M 0s
    50K .......... .......... .......... .......... .......... 41% 5.05M 0s
   100K .......... .......... .......... .......... .......... 62% 9.61M 0s
   150K .......... .......... .......... .......... .......... 83% 6.78M 0s
   200K .......... .......... .......... .........            100% 19.9M=0.03s

2026-06-12 04:31:37 (7.92 MB/s) - ‘cdn.igolf32.com/wordpress/wp-content/uploads/DSC00257_edit.jpg?strip=all&sharp=1’ saved [244839/244839]

FINISHED --2026-06-12 04:31:37--
Total wall clock time: 21s
Downloaded: 146 files, 6.0M in 0.8s (7.78 MB/s)
Converting links in igolf32.com/index.html... 131.
113-18
Converting links in cdn.igolf32.com/wordpress/wp-content/themes/artorias/assets/css/main.min.css?ver=d178c61dda490567621c763c2f524344.css... 1.
1-0
Converting links in cdn.igolf32.com/wordpress/wp-content/plugins/jetpack/jetpack_vendor/automattic/jetpack-forms/dist/contact-form/css/jetpack-forms-layout.css?ver=15.9.css... nothing to do.
Converting links in cdn.igolf32.com/wordpress/wp-content/plugins/elementor/assets/css/widget-spacer.min.css?ver=4.1.2.css... nothing to do.
Converting links in cdn.igolf32.com/wordpress/wp-content/plugins/elementor/assets/css/widget-image.min.css?ver=4.1.2.css... nothing to do.
Converting links in cdn.igolf32.com/wordpress/wp-content/plugins/elementor/assets/lib/animations/styles/e-animation-pulse-grow.min.css?ver=4.1.2.css... nothing to do.
Converting links in cdn.igolf32.com/wordpress/wp-content/plugins/qi-addons-for-elementor/assets/plugins/swiper/8.4.5/swiper.min.css?ver=8.4.5.css... nothing to do.
Converting links in cdn.igolf32.com/wordpress/wp-content/plugins/artorias-core/assets/css/artorias-core.min.css?ver=d178c61dda490567621c763c2f524344.css... 1.
1-0
Converting links in cdn.igolf32.com/wordpress/wp-content/plugins/artorias-core/inc/icons/font-awesome/assets/css/all.min.css?ver=d178c61dda490567621c763c2f524344.css... 20.
20-0
Converting links in cdn.igolf32.com/wordpress/wp-content/plugins/elementor/assets/css/widget-heading.min.css?ver=4.1.2.css... nothing to do.
Converting links in cdn.igolf32.com/wordpress/wp-content/plugins/elementor/assets/css/frontend.min.css?ver=4.1.2.css... nothing to do.
Converting links in cdn.igolf32.com/wordpress/wp-content/plugins/qi-addons-for-elementor/assets/css/helper-parts.min.css?ver=1.10.css... nothing to do.
Converting links in cdn.igolf32.com/wordpress/wp-content/plugins/elementor-pro/assets/css/modules/motion-fx.min.css?ver=3.35.1.css... nothing to do.
Converting links in cdn.igolf32.com/wordpress/wp-content/plugins/artorias-core/inc/icons/elegant-icons/assets/css/elegant-icons.min.css?ver=d178c61dda490567621c763c2f524344.css... 5.
5-0
Converting links in cdn.igolf32.com/easyio-fonts/css?family=Rubik:400,700|Space+Mono:400,700&subset=latin-ext&display=swap&ver=1.0.0.css... 36.
36-0
Converting links in cdn.igolf32.com/wordpress/wp-content/plugins/elementor/assets/css/conditionals/shapes.min.css?ver=4.1.2.css... nothing to do.
Converting links in cdn.igolf32.com/wordpress/wp-content/uploads/elementor/css/post-2842.css?ver=1781252494.css... 7.
7-0
Converting links in cdn.igolf32.com/wordpress/wp-content/themes/artorias/assets/plugins/magnific-popup/magnific-popup.css?ver=d178c61dda490567621c763c2f524344.css... nothing to do.
Converting links in cdn.igolf32.com/wordpress/wp-content/plugins/elementor/assets/lib/animations/styles/swing.min.css?ver=4.1.2.css... nothing to do.
Converting links in cdn.igolf32.com/wordpress/wp-content/plugins/3d-flipbook-dflip-lite/assets/css/dflip.min.css?ver=2.4.30.css... nothing to do.
Converting links in cdn.igolf32.com/wordpress/wp-content/plugins/elementor/assets/lib/animations/styles/tada.min.css?ver=4.1.2.css... nothing to do.
Converting links in cdn.igolf32.com/wordpress/wp-content/plugins/qi-addons-for-elementor/assets/css/grid.min.css?ver=1.10.css... nothing to do.
Converting links in cdn.igolf32.com/wordpress/wp-content/themes/artorias/assets/css/grid.min.css?ver=d178c61dda490567621c763c2f524344.css... nothing to do.
Converting links in cdn.igolf32.com/wordpress/wp-content/themes/iGolfBySpace/style.css?ver=d178c61dda490567621c763c2f524344.css... nothing to do.
Converting links in cdn.igolf32.com/wordpress/wp-content/themes/artorias/style.css?ver=d178c61dda490567621c763c2f524344.css... nothing to do.
Converting links in cdn.igolf32.com/wordpress/wp-content/plugins/qi-addons-for-elementor/assets/css/main.min.css?ver=1.10.css... nothing to do.
Converting links in cdn.igolf32.com/wordpress/wp-content/uploads/elementor/css/post-148.css?ver=1781252494.css... nothing to do.
Converting links in cdn.igolf32.com/wordpress/wp-content/plugins/artorias-core/inc/plugins/elementor/assets/css/elementor.min.css?ver=d178c61dda490567621c763c2f524344.css... nothing to do.
Converted links in 28 files in 0.02 seconds.
